
===========================================================================
 report_power
============================================================================
======================= nom_typ_1p50V_25C Corner ===================================

Group                    Internal    Switching      Leakage        Total
                            Power        Power        Power        Power (Watts)
------------------------------------------------------------------------
Sequential           3.344834e-05 2.774940e-07 1.026170e-08 3.373609e-05  39.3%
Combinational        2.198106e-06 1.241760e-06 3.941351e-08 3.479279e-06   4.1%
Clock                3.547299e-05 1.010119e-05 3.015019e-06 4.858919e-05  56.6%
Macro                0.000000e+00 0.000000e+00 0.000000e+00 0.000000e+00   0.0%
Pad                  0.000000e+00 0.000000e+00 0.000000e+00 0.000000e+00   0.0%
------------------------------------------------------------------------
Total                7.111943e-05 1.162044e-05 3.064692e-06 8.580457e-05 100.0%
                            82.9%        13.5%         3.6%

