
===========================================================================
 report_power
============================================================================
======================= nom_fast_1p32V_m40C Corner ===================================

Group                    Internal    Switching      Leakage        Total
                            Power        Power        Power        Power (Watts)
------------------------------------------------------------------------
Sequential           2.627940e-05 2.159555e-07 7.707419e-09 2.650306e-05  39.8%
Combinational        1.562550e-06 1.193033e-06 2.867653e-08 2.784260e-06   4.2%
Clock                2.750149e-05 7.063142e-06 2.655720e-06 3.722036e-05  56.0%
Macro                0.000000e+00 0.000000e+00 0.000000e+00 0.000000e+00   0.0%
Pad                  0.000000e+00 0.000000e+00 0.000000e+00 0.000000e+00   0.0%
------------------------------------------------------------------------
Total                5.534344e-05 8.472131e-06 2.692102e-06 6.650767e-05 100.0%
                            83.2%        12.7%         4.0%

