
===========================================================================
 report_power
============================================================================
======================= nom_typ_1p20V_25C Corner ===================================

Group                    Internal    Switching      Leakage        Total
                            Power        Power        Power        Power (Watts)
------------------------------------------------------------------------
Sequential           2.175536e-05 1.368375e-07 3.575867e-09 2.189577e-05  42.1%
Combinational        1.230301e-06 9.161145e-07 1.202351e-08 2.158439e-06   4.1%
Clock                2.169238e-05 5.599529e-06 7.150512e-07 2.800697e-05  53.8%
Macro                0.000000e+00 0.000000e+00 0.000000e+00 0.000000e+00   0.0%
Pad                  0.000000e+00 0.000000e+00 0.000000e+00 0.000000e+00   0.0%
------------------------------------------------------------------------
Total                4.467804e-05 6.652481e-06 7.306510e-07 5.206118e-05 100.0%
                            85.8%        12.8%         1.4%

