
===========================================================================
 report_power
============================================================================
======================= nom_fast_1p32V_m40C Corner ===================================

Group                    Internal    Switching      Leakage        Total
                            Power        Power        Power        Power (Watts)
------------------------------------------------------------------------
Sequential           2.628013e-05 2.849421e-07 7.707419e-09 2.657278e-05  39.6%
Combinational        1.750203e-06 1.146879e-06 2.965185e-08 2.926734e-06   4.4%
Clock                2.751090e-05 7.505561e-06 2.643971e-06 3.766043e-05  56.1%
Macro                0.000000e+00 0.000000e+00 0.000000e+00 0.000000e+00   0.0%
Pad                  0.000000e+00 0.000000e+00 0.000000e+00 0.000000e+00   0.0%
------------------------------------------------------------------------
Total                5.554123e-05 8.937384e-06 2.681329e-06 6.715995e-05 100.0%
                            82.7%        13.3%         4.0%

