
===========================================================================
 report_power
============================================================================
======================= nom_fast_1p65V_m40C Corner ===================================

Group                    Internal    Switching      Leakage        Total
                            Power        Power        Power        Power (Watts)
------------------------------------------------------------------------
Sequential           3.893628e-05 2.907559e-07 3.117140e-08 3.925821e-05  34.7%
Combinational        2.570614e-06 1.960504e-06 1.209494e-07 4.652067e-06   4.1%
Clock                4.631574e-05 1.209058e-05 1.078500e-05 6.919132e-05  61.2%
Macro                0.000000e+00 0.000000e+00 0.000000e+00 0.000000e+00   0.0%
Pad                  0.000000e+00 0.000000e+00 0.000000e+00 0.000000e+00   0.0%
------------------------------------------------------------------------
Total                8.782262e-05 1.434184e-05 1.093711e-05 1.131016e-04 100.0%
                            77.6%        12.7%         9.7%

