┏━━━━━━━━━━━━━━━━━━━━━━┳━━━━━━━━━━┳━━━━━━━━━━┳━━━━━━━━━━┳━━━━━━━━━━┳━━━━━━━━━━━┳━━━━━━━━━━┳━━━━━━━━━━━┳━━━━━━━━━━┳━━━━━━━━━━━┳━━━━━━━━━━┳━━━━━━━━━━━┳━━━━━━━━━━┓
┃                      ┃ Hold     ┃ Reg to   ┃          ┃          ┃ of which  ┃ Setup    ┃           ┃          ┃           ┃ of which ┃           ┃          ┃
┃                      ┃ Worst    ┃ Reg      ┃          ┃ Hold Vio ┃ reg to    ┃ Worst    ┃ Reg to    ┃ Setup    ┃ Setup Vio ┃ reg to   ┃ Max Cap   ┃ Max Slew ┃
┃ Corner/Group         ┃ Slack    ┃ Paths    ┃ Hold TNS ┃ Count    ┃ reg       ┃ Slack    ┃ Reg Paths ┃ TNS      ┃ Count     ┃ reg      ┃ Violatio… ┃ Violati… ┃
┡━━━━━━━━━━━━━━━━━━━━━━╇━━━━━━━━━━╇━━━━━━━━━━╇━━━━━━━━━━╇━━━━━━━━━━╇━━━━━━━━━━━╇━━━━━━━━━━╇━━━━━━━━━━━╇━━━━━━━━━━╇━━━━━━━━━━━╇━━━━━━━━━━╇━━━━━━━━━━━╇━━━━━━━━━━┩
│ Overall              │ 0.2727   │ 0.2727   │ 0.0000   │ 0        │ 0         │ 13.9134  │ N/A       │ 0.0000   │ 0         │ 0        │ 0         │ 0        │
│ nom_fast_1p32V_m40C  │ 0.3981   │ 0.3981   │ 0.0000   │ 0        │ 0         │ 15.0700  │ N/A       │ 0.0000   │ 0         │ 0        │ 0         │ 0        │
│ nom_fast_1p65V_m40C  │ 0.2727   │ 0.2727   │ 0.0000   │ 0        │ 0         │ 15.2891  │ N/A       │ 0.0000   │ 0         │ 0        │ 0         │ 0        │
│ nom_slow_1p08V_125C  │ 1.0802   │ 1.0802   │ 0.0000   │ 0        │ 0         │ 13.9134  │ N/A       │ 0.0000   │ 0         │ 0        │ 0         │ 0        │
│ nom_slow_1p35V_125C  │ 0.6940   │ 0.6940   │ 0.0000   │ 0        │ 0         │ 14.5694  │ N/A       │ 0.0000   │ 0         │ 0        │ 0         │ 0        │
│ nom_typ_1p20V_25C    │ 0.6432   │ 0.6432   │ 0.0000   │ 0        │ 0         │ 14.6498  │ N/A       │ 0.0000   │ 0         │ 0        │ 0         │ 0        │
│ nom_typ_1p50V_25C    │ 0.4239   │ 0.4239   │ 0.0000   │ 0        │ 0         │ 15.0297  │ N/A       │ 0.0000   │ 0         │ 0        │ 0         │ 0        │
└──────────────────────┴──────────┴──────────┴──────────┴──────────┴───────────┴──────────┴───────────┴──────────┴───────────┴──────────┴───────────┴──────────┘
