
===========================================================================
 report_power
============================================================================
======================= nom_typ_1p50V_25C Corner ===================================

Group                    Internal    Switching      Leakage        Total
                            Power        Power        Power        Power (Watts)
------------------------------------------------------------------------
Sequential           3.344465e-05 2.264703e-07 1.026170e-08 3.368139e-05  39.6%
Combinational        2.005329e-06 1.516776e-06 3.775737e-08 3.559862e-06   4.2%
Clock                3.553975e-05 9.349370e-06 3.013348e-06 4.790247e-05  56.3%
Macro                0.000000e+00 0.000000e+00 0.000000e+00 0.000000e+00   0.0%
Pad                  0.000000e+00 0.000000e+00 0.000000e+00 0.000000e+00   0.0%
------------------------------------------------------------------------
Total                7.098974e-05 1.109262e-05 3.061366e-06 8.514373e-05 100.0%
                            83.4%        13.0%         3.6%

