
===========================================================================
 report_power
============================================================================
======================= nom_typ_1p20V_25C Corner ===================================

Group                    Internal    Switching      Leakage        Total
                            Power        Power        Power        Power (Watts)
------------------------------------------------------------------------
Sequential           2.175564e-05 2.219971e-07 3.575867e-09 2.198122e-05  41.8%
Combinational        1.376468e-06 9.070383e-07 1.213929e-08 2.295645e-06   4.4%
Clock                2.171607e-05 5.826795e-06 7.142602e-07 2.825712e-05  53.8%
Macro                0.000000e+00 0.000000e+00 0.000000e+00 0.000000e+00   0.0%
Pad                  0.000000e+00 0.000000e+00 0.000000e+00 0.000000e+00   0.0%
------------------------------------------------------------------------
Total                4.484818e-05 6.955830e-06 7.299759e-07 5.253398e-05 100.0%
                            85.4%        13.2%         1.4%

