
===========================================================================
 report_power
============================================================================
======================= nom_fast_1p65V_m40C Corner ===================================

Group                    Internal    Switching      Leakage        Total
                            Power        Power        Power        Power (Watts)
------------------------------------------------------------------------
Sequential           3.893782e-05 2.909068e-07 3.117140e-08 3.925990e-05  34.7%
Combinational        2.570706e-06 1.974014e-06 1.209494e-07 4.665670e-06   4.1%
Clock                4.631840e-05 1.217754e-05 1.078500e-05 6.928094e-05  61.2%
Macro                0.000000e+00 0.000000e+00 0.000000e+00 0.000000e+00   0.0%
Pad                  0.000000e+00 0.000000e+00 0.000000e+00 0.000000e+00   0.0%
------------------------------------------------------------------------
Total                8.782694e-05 1.444246e-05 1.093711e-05 1.132065e-04 100.0%
                            77.6%        12.8%         9.7%

