
===========================================================================
 report_power
============================================================================
======================= nom_typ_1p50V_25C Corner ===================================

Group                    Internal    Switching      Leakage        Total
                            Power        Power        Power        Power (Watts)
------------------------------------------------------------------------
Sequential           3.344857e-05 3.651474e-07 1.026170e-08 3.382398e-05  39.4%
Combinational        2.248822e-06 1.474698e-06 3.794561e-08 3.761465e-06   4.4%
Clock                3.546867e-05 9.704473e-06 3.010007e-06 4.818315e-05  56.2%
Macro                0.000000e+00 0.000000e+00 0.000000e+00 0.000000e+00   0.0%
Pad                  0.000000e+00 0.000000e+00 0.000000e+00 0.000000e+00   0.0%
------------------------------------------------------------------------
Total                7.116607e-05 1.154432e-05 3.058213e-06 8.576860e-05 100.0%
                            83.0%        13.5%         3.6%

