
===========================================================================
 report_power
============================================================================
======================= nom_slow_1p35V_125C Corner ===================================

Group                    Internal    Switching      Leakage        Total
                            Power        Power        Power        Power (Watts)
------------------------------------------------------------------------
Sequential           2.718551e-05 1.740078e-07 2.690337e-08 2.738642e-05  41.7%
Combinational        1.568472e-06 1.176995e-06 7.745601e-08 2.822924e-06   4.3%
Clock                2.752577e-05 7.212223e-06 7.963627e-07 3.553436e-05  54.0%
Macro                0.000000e+00 0.000000e+00 0.000000e+00 0.000000e+00   0.0%
Pad                  0.000000e+00 0.000000e+00 0.000000e+00 0.000000e+00   0.0%
------------------------------------------------------------------------
Total                5.627975e-05 8.563226e-06 9.007220e-07 6.574370e-05 100.0%
                            85.6%        13.0%         1.4%

