
===========================================================================
 report_power
============================================================================
======================= nom_fast_1p32V_m40C Corner ===================================

Group                    Internal    Switching      Leakage        Total
                            Power        Power        Power        Power (Watts)
------------------------------------------------------------------------
Sequential           2.627800e-05 2.157194e-07 7.707419e-09 2.650143e-05  39.4%
Combinational        1.715629e-06 9.673346e-07 3.074456e-08 2.713708e-06   4.0%
Clock                2.751883e-05 7.812780e-06 2.648376e-06 3.797998e-05  56.5%
Macro                0.000000e+00 0.000000e+00 0.000000e+00 0.000000e+00   0.0%
Pad                  0.000000e+00 0.000000e+00 0.000000e+00 0.000000e+00   0.0%
------------------------------------------------------------------------
Total                5.551245e-05 8.995835e-06 2.686827e-06 6.719512e-05 100.0%
                            82.6%        13.4%         4.0%

