
===========================================================================
 report_power
============================================================================
======================= nom_slow_1p35V_125C Corner ===================================

Group                    Internal    Switching      Leakage        Total
                            Power        Power        Power        Power (Watts)
------------------------------------------------------------------------
Sequential           2.718398e-05 2.131602e-07 2.690337e-08 2.742404e-05  41.4%
Combinational        1.719821e-06 9.638488e-07 8.212015e-08 2.765790e-06   4.2%
Clock                2.752571e-05 7.762983e-06 7.967879e-07 3.608548e-05  54.4%
Macro                0.000000e+00 0.000000e+00 0.000000e+00 0.000000e+00   0.0%
Pad                  0.000000e+00 0.000000e+00 0.000000e+00 0.000000e+00   0.0%
------------------------------------------------------------------------
Total                5.642950e-05 8.939991e-06 9.058112e-07 6.627531e-05 100.0%
                            85.1%        13.5%         1.4%

