
===========================================================================
 report_power
============================================================================
======================= nom_typ_1p20V_25C Corner ===================================

Group                    Internal    Switching      Leakage        Total
                            Power        Power        Power        Power (Watts)
------------------------------------------------------------------------
Sequential           2.175810e-05 1.704802e-07 3.575867e-09 2.193216e-05  42.2%
Combinational        1.229999e-06 9.334438e-07 1.161369e-08 2.175057e-06   4.2%
Clock                2.170182e-05 5.461159e-06 7.174251e-07 2.788041e-05  53.6%
Macro                0.000000e+00 0.000000e+00 0.000000e+00 0.000000e+00   0.0%
Pad                  0.000000e+00 0.000000e+00 0.000000e+00 0.000000e+00   0.0%
------------------------------------------------------------------------
Total                4.468993e-05 6.565083e-06 7.326150e-07 5.198763e-05 100.0%
                            86.0%        12.6%         1.4%

