
===========================================================================
 report_power
============================================================================
======================= nom_fast_1p65V_m40C Corner ===================================

Group                    Internal    Switching      Leakage        Total
                            Power        Power        Power        Power (Watts)
------------------------------------------------------------------------
Sequential           3.895130e-05 3.554797e-07 3.117140e-08 3.933796e-05  34.6%
Combinational        2.812612e-06 1.588870e-06 1.259624e-07 4.527445e-06   4.0%
Clock                4.609141e-05 1.300028e-05 1.079099e-05 6.988268e-05  61.4%
Macro                0.000000e+00 0.000000e+00 0.000000e+00 0.000000e+00   0.0%
Pad                  0.000000e+00 0.000000e+00 0.000000e+00 0.000000e+00   0.0%
------------------------------------------------------------------------
Total                8.785532e-05 1.494463e-05 1.094811e-05 1.137481e-04 100.0%
                            77.2%        13.1%         9.6%

