
===========================================================================
 report_power
============================================================================
======================= nom_slow_1p08V_125C Corner ===================================

Group                    Internal    Switching      Leakage        Total
                            Power        Power        Power        Power (Watts)
------------------------------------------------------------------------
Sequential           1.745009e-05 1.750012e-07 1.692637e-08 1.764201e-05  43.1%
Combinational        9.626872e-07 7.378775e-07 4.801044e-08 1.748575e-06   4.3%
Clock                1.700378e-05 4.048251e-06 4.845771e-07 2.153660e-05  52.6%
Macro                0.000000e+00 0.000000e+00 0.000000e+00 0.000000e+00   0.0%
Pad                  0.000000e+00 0.000000e+00 0.000000e+00 0.000000e+00   0.0%
------------------------------------------------------------------------
Total                3.541655e-05 4.961129e-06 5.495137e-07 4.092719e-05 100.0%
                            86.5%        12.1%         1.3%

