
===========================================================================
 report_power
============================================================================
======================= nom_slow_1p08V_125C Corner ===================================

Group                    Internal    Switching      Leakage        Total
                            Power        Power        Power        Power (Watts)
------------------------------------------------------------------------
Sequential           1.744244e-05 1.055114e-07 1.692637e-08 1.756487e-05  43.0%
Combinational        9.660160e-07 7.155937e-07 4.993902e-08 1.731549e-06   4.2%
Clock                1.702706e-05 4.331900e-06 1.975004e-07 2.155646e-05  52.8%
Macro                0.000000e+00 0.000000e+00 0.000000e+00 0.000000e+00   0.0%
Pad                  0.000000e+00 0.000000e+00 0.000000e+00 0.000000e+00   0.0%
------------------------------------------------------------------------
Total                3.543551e-05 5.153005e-06 2.643658e-07 4.085288e-05 100.0%
                            86.7%        12.6%         0.6%

