
===========================================================================
 report_power
============================================================================
======================= nom_slow_1p35V_125C Corner ===================================

Group                    Internal    Switching      Leakage        Total
                            Power        Power        Power        Power (Watts)
------------------------------------------------------------------------
Sequential           2.718584e-05 1.739068e-07 2.690337e-08 2.738665e-05  41.7%
Combinational        1.568484e-06 1.167951e-06 7.745601e-08 2.813891e-06   4.3%
Clock                2.752421e-05 7.154008e-06 7.963627e-07 3.547458e-05  54.0%
Macro                0.000000e+00 0.000000e+00 0.000000e+00 0.000000e+00   0.0%
Pad                  0.000000e+00 0.000000e+00 0.000000e+00 0.000000e+00   0.0%
------------------------------------------------------------------------
Total                5.627853e-05 8.495865e-06 9.007220e-07 6.567511e-05 100.0%
                            85.7%        12.9%         1.4%

