111. Printing statistics.

=== counter_top ===

        +----------Local Count, excluding submodules.
        |        +-Local Area, excluding submodules.
        |        | 
       41        - wires
       48        - wire bits
        4        - public wires
       11        - public wire bits
        4        - ports
       11        - port bits
       45  745.718 cells
        4   36.288   sg13g2_a21oi_1
        3   27.216   sg13g2_and2_1
        1   14.515   sg13g2_buf_4
        8   391.91   sg13g2_dfrbpq_1
        2   10.886   sg13g2_inv_1
        2   14.515   sg13g2_nand2_1
        2   18.144   sg13g2_nand3_1
        2   21.773   sg13g2_nand4_1
        1    7.258   sg13g2_nor2_1
        4   36.288   sg13g2_o21ai_1
        4   50.803   sg13g2_or3_1
        8   58.061   sg13g2_tiehi
        3   43.546   sg13g2_xnor2_1
        1   14.515   sg13g2_xor2_1

   Chip area for module '\counter_top': 745.718400
     of which used for sequential elements: 391.910400 (52.55%)

