
Cell sg13g2_decap_8 (0) disconnected node: VDD
Cell sg13g2_decap_8 (0) disconnected node: VSS

Subcircuit pins:
Circuit 1: sg13g2_decap_8                  |Circuit 2: sg13g2_decap_8                  
-------------------------------------------|-------------------------------------------
VDD                                        |VDD                                        
VSS                                        |VSS                                        
---------------------------------------------------------------------------------------
Cell pin lists are equivalent.
Device classes sg13g2_decap_8 and sg13g2_decap_8 are equivalent.

Cell sg13g2_Filler2000 (0) disconnected node: iovdd
Cell sg13g2_Filler2000 (0) disconnected node: iovss
Cell sg13g2_Filler2000 (0) disconnected node: vdd
Cell sg13g2_Filler2000 (0) disconnected node: vss
Cell sg13g2_Filler2000 (1) disconnected node: vss
Cell sg13g2_Filler2000 (1) disconnected node: vdd
Cell sg13g2_Filler2000 (1) disconnected node: iovss
Cell sg13g2_Filler2000 (1) disconnected node: iovdd

Subcircuit pins:
Circuit 1: sg13g2_Filler2000               |Circuit 2: sg13g2_Filler2000               
-------------------------------------------|-------------------------------------------
iovdd                                      |iovdd                                      
iovss                                      |iovss                                      
vdd                                        |vdd                                        
vss                                        |vss                                        
---------------------------------------------------------------------------------------
Cell pin lists are equivalent.
Device classes sg13g2_Filler2000 and sg13g2_Filler2000 are equivalent.

Cell sg13g2_decap_4 (0) disconnected node: VDD
Cell sg13g2_decap_4 (0) disconnected node: VSS

Subcircuit pins:
Circuit 1: sg13g2_decap_4                  |Circuit 2: sg13g2_decap_4                  
-------------------------------------------|-------------------------------------------
VDD                                        |VDD                                        
VSS                                        |VSS                                        
---------------------------------------------------------------------------------------
Cell pin lists are equivalent.
Device classes sg13g2_decap_4 and sg13g2_decap_4 are equivalent.

Cell sg13g2_tielo (0) disconnected node: L_LO
Cell sg13g2_tielo (0) disconnected node: VDD
Cell sg13g2_tielo (0) disconnected node: VSS

Subcircuit pins:
Circuit 1: sg13g2_tielo                    |Circuit 2: sg13g2_tielo                    
-------------------------------------------|-------------------------------------------
L_LO                                       |L_LO                                       
VDD                                        |VDD                                        
VSS                                        |VSS                                        
---------------------------------------------------------------------------------------
Cell pin lists are equivalent.
Device classes sg13g2_tielo and sg13g2_tielo are equivalent.

Cell sg13g2_Filler1000 (0) disconnected node: iovdd
Cell sg13g2_Filler1000 (0) disconnected node: iovss
Cell sg13g2_Filler1000 (0) disconnected node: vdd
Cell sg13g2_Filler1000 (0) disconnected node: vss
Cell sg13g2_Filler1000 (1) disconnected node: vss
Cell sg13g2_Filler1000 (1) disconnected node: vdd
Cell sg13g2_Filler1000 (1) disconnected node: iovss
Cell sg13g2_Filler1000 (1) disconnected node: iovdd

Subcircuit pins:
Circuit 1: sg13g2_Filler1000               |Circuit 2: sg13g2_Filler1000               
-------------------------------------------|-------------------------------------------
iovdd                                      |iovdd                                      
iovss                                      |iovss                                      
vdd                                        |vdd                                        
vss                                        |vss                                        
---------------------------------------------------------------------------------------
Cell pin lists are equivalent.
Device classes sg13g2_Filler1000 and sg13g2_Filler1000 are equivalent.

Cell sg13g2_xnor2_1 (0) disconnected node: Y
Cell sg13g2_xnor2_1 (0) disconnected node: A
Cell sg13g2_xnor2_1 (0) disconnected node: B
Cell sg13g2_xnor2_1 (0) disconnected node: VDD
Cell sg13g2_xnor2_1 (0) disconnected node: VSS

Subcircuit pins:
Circuit 1: sg13g2_xnor2_1                  |Circuit 2: sg13g2_xnor2_1                  
-------------------------------------------|-------------------------------------------
Y                                          |Y                                          
A                                          |A                                          
B                                          |B                                          
VDD                                        |VDD                                        
VSS                                        |VSS                                        
---------------------------------------------------------------------------------------
Cell pin lists are equivalent.
Device classes sg13g2_xnor2_1 and sg13g2_xnor2_1 are equivalent.

Cell sg13g2_fill_2 (0) disconnected node: VDD
Cell sg13g2_fill_2 (0) disconnected node: VSS
Cell sg13g2_fill_2 (1) disconnected node: VDD
Cell sg13g2_fill_2 (1) disconnected node: VSS

Subcircuit pins:
Circuit 1: sg13g2_fill_2                   |Circuit 2: sg13g2_fill_2                   
-------------------------------------------|-------------------------------------------
VDD                                        |VDD                                        
VSS                                        |VSS                                        
---------------------------------------------------------------------------------------
Cell pin lists are equivalent.
Device classes sg13g2_fill_2 and sg13g2_fill_2 are equivalent.

Cell sg13g2_fill_1 (0) disconnected node: VDD
Cell sg13g2_fill_1 (0) disconnected node: VSS
Cell sg13g2_fill_1 (1) disconnected node: VDD
Cell sg13g2_fill_1 (1) disconnected node: VSS

Subcircuit pins:
Circuit 1: sg13g2_fill_1                   |Circuit 2: sg13g2_fill_1                   
-------------------------------------------|-------------------------------------------
VDD                                        |VDD                                        
VSS                                        |VSS                                        
---------------------------------------------------------------------------------------
Cell pin lists are equivalent.
Device classes sg13g2_fill_1 and sg13g2_fill_1 are equivalent.

Cell sg13g2_Filler4000 (0) disconnected node: iovdd
Cell sg13g2_Filler4000 (0) disconnected node: iovss
Cell sg13g2_Filler4000 (0) disconnected node: vdd
Cell sg13g2_Filler4000 (0) disconnected node: vss
Cell sg13g2_Filler4000 (1) disconnected node: vss
Cell sg13g2_Filler4000 (1) disconnected node: vdd
Cell sg13g2_Filler4000 (1) disconnected node: iovss
Cell sg13g2_Filler4000 (1) disconnected node: iovdd

Subcircuit pins:
Circuit 1: sg13g2_Filler4000               |Circuit 2: sg13g2_Filler4000               
-------------------------------------------|-------------------------------------------
iovdd                                      |iovdd                                      
iovss                                      |iovss                                      
vdd                                        |vdd                                        
vss                                        |vss                                        
---------------------------------------------------------------------------------------
Cell pin lists are equivalent.
Device classes sg13g2_Filler4000 and sg13g2_Filler4000 are equivalent.

Cell sg13g2_tiehi (0) disconnected node: L_HI
Cell sg13g2_tiehi (0) disconnected node: VDD
Cell sg13g2_tiehi (0) disconnected node: VSS

Subcircuit pins:
Circuit 1: sg13g2_tiehi                    |Circuit 2: sg13g2_tiehi                    
-------------------------------------------|-------------------------------------------
L_HI                                       |L_HI                                       
VDD                                        |VDD                                        
VSS                                        |VSS                                        
---------------------------------------------------------------------------------------
Cell pin lists are equivalent.
Device classes sg13g2_tiehi and sg13g2_tiehi are equivalent.

Cell sg13g2_dlygate4sd3_1 (0) disconnected node: X
Cell sg13g2_dlygate4sd3_1 (0) disconnected node: A
Cell sg13g2_dlygate4sd3_1 (0) disconnected node: VDD
Cell sg13g2_dlygate4sd3_1 (0) disconnected node: VSS

Subcircuit pins:
Circuit 1: sg13g2_dlygate4sd3_1            |Circuit 2: sg13g2_dlygate4sd3_1            
-------------------------------------------|-------------------------------------------
X                                          |X                                          
A                                          |A                                          
VDD                                        |VDD                                        
VSS                                        |VSS                                        
---------------------------------------------------------------------------------------
Cell pin lists are equivalent.
Device classes sg13g2_dlygate4sd3_1 and sg13g2_dlygate4sd3_1 are equivalent.
Flattening unmatched subcell sg13g2_Clamp_N15N15D in circuit sg13g2_IOPadOut30mA (1)(1 instance)
Flattening unmatched subcell sg13g2_GuardRing_N16000W1980HFF in circuit sg13g2_IOPadOut30mA (1)(1 instance)
Flattening unmatched subcell sg13g2_GuardRing_P15280W1260HFF in circuit sg13g2_IOPadOut30mA (1)(1 instance)
Flattening unmatched subcell sg13g2_Clamp_P15N15D in circuit sg13g2_IOPadOut30mA (1)(1 instance)
Flattening unmatched subcell sg13g2_GuardRing_P16000W3852HFF in circuit sg13g2_IOPadOut30mA (1)(1 instance)
Flattening unmatched subcell sg13g2_GuardRing_N15280W3132HTF in circuit sg13g2_IOPadOut30mA (1)(1 instance)
Flattening unmatched subcell sg13g2_DCNDiode in circuit sg13g2_IOPadOut30mA (1)(1 instance)
Flattening unmatched subcell sg13g2_GuardRing_N7276W2716HFF in circuit sg13g2_IOPadOut30mA (1)(1 instance)
Flattening unmatched subcell sg13g2_DCPDiode in circuit sg13g2_IOPadOut30mA (1)(1 instance)
Flattening unmatched subcell sg13g2_GuardRing_P7276W2716HFF in circuit sg13g2_IOPadOut30mA (1)(1 instance)
Flattening unmatched subcell sg13g2_GateLevelUpInv in circuit sg13g2_IOPadOut30mA (1)(1 instance)
Flattening unmatched subcell sg13g2_LevelUpInv in circuit sg13g2_IOPadOut30mA (1)(2 instances)

Cell sg13g2_IOPadOut30mA (0) disconnected node: c2p
Cell sg13g2_IOPadOut30mA (0) disconnected node: iovdd
Cell sg13g2_IOPadOut30mA (0) disconnected node: iovss
Cell sg13g2_IOPadOut30mA (0) disconnected node: pad
Cell sg13g2_IOPadOut30mA (0) disconnected node: vdd
Cell sg13g2_IOPadOut30mA (0) disconnected node: vss

Subcircuit pins:
Circuit 1: sg13g2_IOPadOut30mA             |Circuit 2: sg13g2_IOPadOut30mA             
-------------------------------------------|-------------------------------------------
c2p                                        |c2p                                        
iovdd                                      |iovdd                                      
iovss                                      |iovss                                      
pad                                        |pad                                        
vdd                                        |vdd                                        
vss                                        |vss                                        
---------------------------------------------------------------------------------------
Cell pin lists are equivalent.
Device classes sg13g2_IOPadOut30mA and sg13g2_IOPadOut30mA are equivalent.

Cell sg13g2_inv_1 (0) disconnected node: Y
Cell sg13g2_inv_1 (0) disconnected node: A
Cell sg13g2_inv_1 (0) disconnected node: VDD
Cell sg13g2_inv_1 (0) disconnected node: VSS

Subcircuit pins:
Circuit 1: sg13g2_inv_1                    |Circuit 2: sg13g2_inv_1                    
-------------------------------------------|-------------------------------------------
Y                                          |Y                                          
A                                          |A                                          
VDD                                        |VDD                                        
VSS                                        |VSS                                        
---------------------------------------------------------------------------------------
Cell pin lists are equivalent.
Device classes sg13g2_inv_1 and sg13g2_inv_1 are equivalent.
Flattening unmatched subcell sg13g2_DCNDiode in circuit sg13g2_IOPadVss (1)(1 instance)
Flattening unmatched subcell sg13g2_GuardRing_N7276W2716HFF in circuit sg13g2_IOPadVss (1)(1 instance)
Flattening unmatched subcell sg13g2_DCPDiode in circuit sg13g2_IOPadVss (1)(1 instance)
Flattening unmatched subcell sg13g2_GuardRing_P7276W2716HFF in circuit sg13g2_IOPadVss (1)(1 instance)

Cell sg13g2_IOPadVss (0) disconnected node: iovdd
Cell sg13g2_IOPadVss (0) disconnected node: iovss
Cell sg13g2_IOPadVss (0) disconnected node: vdd
Cell sg13g2_IOPadVss (0) disconnected node: vss
Cell sg13g2_IOPadVss (1) disconnected node: vdd

Subcircuit pins:
Circuit 1: sg13g2_IOPadVss                 |Circuit 2: sg13g2_IOPadVss                 
-------------------------------------------|-------------------------------------------
iovdd                                      |iovdd                                      
iovss                                      |iovss                                      
vdd                                        |vdd                                        
vss                                        |vss                                        
---------------------------------------------------------------------------------------
Cell pin lists are equivalent.
Device classes sg13g2_IOPadVss and sg13g2_IOPadVss are equivalent.

Cell sg13g2_ip__bondpad_70x70 (0) disconnected node: pad

Subcircuit pins:
Circuit 1: sg13g2_ip__bondpad_70x70        |Circuit 2: sg13g2_ip__bondpad_70x70        
-------------------------------------------|-------------------------------------------
pad                                        |pad                                        
---------------------------------------------------------------------------------------
Cell pin lists are equivalent.
Device classes sg13g2_ip__bondpad_70x70 and sg13g2_ip__bondpad_70x70 are equivalent.

Cell inverter_top (0) disconnected node: vin1
Cell inverter_top (0) disconnected node: vin2
Cell inverter_top (0) disconnected node: vin3
Cell inverter_top (0) disconnected node: vin4
Cell inverter_top (0) disconnected node: vout1
Cell inverter_top (0) disconnected node: vout2
Cell inverter_top (0) disconnected node: vout3
Cell inverter_top (0) disconnected node: vout4
Cell inverter_top (0) disconnected node: VSS
Cell inverter_top (0) disconnected node: VDD

Subcircuit pins:
Circuit 1: inverter_top                    |Circuit 2: inverter_top                    
-------------------------------------------|-------------------------------------------
vin1                                       |vin1                                       
vin2                                       |vin2                                       
vin3                                       |vin3                                       
vin4                                       |vin4                                       
vout1                                      |vout1                                      
vout2                                      |vout2                                      
vout3                                      |vout3                                      
vout4                                      |vout4                                      
VSS                                        |VSS                                        
VDD                                        |VDD                                        
---------------------------------------------------------------------------------------
Cell pin lists are equivalent.
Device classes inverter_top and inverter_top are equivalent.

Cell sg13g2_Corner (0) disconnected node: iovdd
Cell sg13g2_Corner (0) disconnected node: iovss
Cell sg13g2_Corner (0) disconnected node: vdd
Cell sg13g2_Corner (0) disconnected node: vss
Cell sg13g2_Corner (1) disconnected node: vss
Cell sg13g2_Corner (1) disconnected node: vdd
Cell sg13g2_Corner (1) disconnected node: iovss
Cell sg13g2_Corner (1) disconnected node: iovdd

Subcircuit pins:
Circuit 1: sg13g2_Corner                   |Circuit 2: sg13g2_Corner                   
-------------------------------------------|-------------------------------------------
iovdd                                      |iovdd                                      
iovss                                      |iovss                                      
vdd                                        |vdd                                        
vss                                        |vss                                        
---------------------------------------------------------------------------------------
Cell pin lists are equivalent.
Device classes sg13g2_Corner and sg13g2_Corner are equivalent.

Cell sg13g2_Filler400 (0) disconnected node: iovdd
Cell sg13g2_Filler400 (0) disconnected node: iovss
Cell sg13g2_Filler400 (0) disconnected node: vdd
Cell sg13g2_Filler400 (0) disconnected node: vss
Cell sg13g2_Filler400 (1) disconnected node: vss
Cell sg13g2_Filler400 (1) disconnected node: vdd
Cell sg13g2_Filler400 (1) disconnected node: iovss
Cell sg13g2_Filler400 (1) disconnected node: iovdd

Subcircuit pins:
Circuit 1: sg13g2_Filler400                |Circuit 2: sg13g2_Filler400                
-------------------------------------------|-------------------------------------------
iovdd                                      |iovdd                                      
iovss                                      |iovss                                      
vdd                                        |vdd                                        
vss                                        |vss                                        
---------------------------------------------------------------------------------------
Cell pin lists are equivalent.
Device classes sg13g2_Filler400 and sg13g2_Filler400 are equivalent.

Cell sg13g2_xor2_1 (0) disconnected node: X
Cell sg13g2_xor2_1 (0) disconnected node: A
Cell sg13g2_xor2_1 (0) disconnected node: B
Cell sg13g2_xor2_1 (0) disconnected node: VDD
Cell sg13g2_xor2_1 (0) disconnected node: VSS

Subcircuit pins:
Circuit 1: sg13g2_xor2_1                   |Circuit 2: sg13g2_xor2_1                   
-------------------------------------------|-------------------------------------------
X                                          |X                                          
A                                          |A                                          
B                                          |B                                          
VDD                                        |VDD                                        
VSS                                        |VSS                                        
---------------------------------------------------------------------------------------
Cell pin lists are equivalent.
Device classes sg13g2_xor2_1 and sg13g2_xor2_1 are equivalent.
Flattening unmatched subcell sg13g2_DCNDiode in circuit sg13g2_IOPadIOVss (1)(1 instance)
Flattening unmatched subcell sg13g2_GuardRing_N7276W2716HFF in circuit sg13g2_IOPadIOVss (1)(1 instance)
Flattening unmatched subcell sg13g2_DCPDiode in circuit sg13g2_IOPadIOVss (1)(1 instance)
Flattening unmatched subcell sg13g2_GuardRing_P7276W2716HFF in circuit sg13g2_IOPadIOVss (1)(1 instance)

Cell sg13g2_IOPadIOVss (0) disconnected node: iovdd
Cell sg13g2_IOPadIOVss (0) disconnected node: iovss
Cell sg13g2_IOPadIOVss (0) disconnected node: vdd
Cell sg13g2_IOPadIOVss (0) disconnected node: vss
Cell sg13g2_IOPadIOVss (1) disconnected node: vss
Cell sg13g2_IOPadIOVss (1) disconnected node: vdd

Subcircuit pins:
Circuit 1: sg13g2_IOPadIOVss               |Circuit 2: sg13g2_IOPadIOVss               
-------------------------------------------|-------------------------------------------
iovdd                                      |iovdd                                      
iovss                                      |iovss                                      
vdd                                        |vdd                                        
vss                                        |vss                                        
---------------------------------------------------------------------------------------
Cell pin lists are equivalent.
Device classes sg13g2_IOPadIOVss and sg13g2_IOPadIOVss are equivalent.
Flattening unmatched subcell sg13g2_Clamp_N43N43D4R in circuit sg13g2_IOPadIOVdd (1)(1 instance)
Flattening unmatched subcell sg13g2_GuardRing_N16000W4884HFF in circuit sg13g2_IOPadIOVdd (1)(1 instance)
Flattening unmatched subcell sg13g2_GuardRing_P15280W4164HFF in circuit sg13g2_IOPadIOVdd (1)(1 instance)
Flattening unmatched subcell sg13g2_RCClampResistor in circuit sg13g2_IOPadIOVdd (1)(1 instance)
Flattening unmatched subcell sg13g2_RCClampInverter in circuit sg13g2_IOPadIOVdd (1)(1 instance)
Flattening unmatched subcell sg13g2_GuardRing_P16000W4466HFT in circuit sg13g2_IOPadIOVdd (1)(1 instance)
Flattening unmatched subcell sg13g2_GuardRing_N9472W2216HTT in circuit sg13g2_IOPadIOVdd (1)(1 instance)
Flattening unmatched subcell sg13g2_GuardRing_N16000W6624HFF in circuit sg13g2_IOPadIOVdd (1)(1 instance)

Cell sg13g2_IOPadIOVdd (0) disconnected node: iovdd
Cell sg13g2_IOPadIOVdd (0) disconnected node: iovss
Cell sg13g2_IOPadIOVdd (0) disconnected node: vdd
Cell sg13g2_IOPadIOVdd (0) disconnected node: vss
Cell sg13g2_IOPadIOVdd (1) disconnected node: vss
Cell sg13g2_IOPadIOVdd (1) disconnected node: vdd

Subcircuit pins:
Circuit 1: sg13g2_IOPadIOVdd               |Circuit 2: sg13g2_IOPadIOVdd               
-------------------------------------------|-------------------------------------------
iovdd                                      |iovdd                                      
iovss                                      |iovss                                      
vdd                                        |vdd                                        
vss                                        |vss                                        
---------------------------------------------------------------------------------------
Cell pin lists are equivalent.
Device classes sg13g2_IOPadIOVdd and sg13g2_IOPadIOVdd are equivalent.


Subcircuit pins:
Circuit 1: sg13g2_ip__jku                  |Circuit 2: sg13g2_ip__jku                  
-------------------------------------------|-------------------------------------------
(no pins)                                  |(no pins)                                  
---------------------------------------------------------------------------------------
Cell pin lists are equivalent.
Device classes sg13g2_ip__jku and sg13g2_ip__jku are equivalent.

Cell sg13g2_Filler200 (0) disconnected node: iovdd
Cell sg13g2_Filler200 (0) disconnected node: iovss
Cell sg13g2_Filler200 (0) disconnected node: vdd
Cell sg13g2_Filler200 (0) disconnected node: vss
Cell sg13g2_Filler200 (1) disconnected node: vss
Cell sg13g2_Filler200 (1) disconnected node: vdd
Cell sg13g2_Filler200 (1) disconnected node: iovss
Cell sg13g2_Filler200 (1) disconnected node: iovdd

Subcircuit pins:
Circuit 1: sg13g2_Filler200                |Circuit 2: sg13g2_Filler200                
-------------------------------------------|-------------------------------------------
iovdd                                      |iovdd                                      
iovss                                      |iovss                                      
vdd                                        |vdd                                        
vss                                        |vss                                        
---------------------------------------------------------------------------------------
Cell pin lists are equivalent.
Device classes sg13g2_Filler200 and sg13g2_Filler200 are equivalent.
Flattening unmatched subcell sg13g2_Clamp_N20N0D in circuit sg13g2_IOPadAnalog (1)(1 instance)
Flattening unmatched subcell sg13g2_GuardRing_N16000W1980HFF in circuit sg13g2_IOPadAnalog (1)(1 instance)
Flattening unmatched subcell sg13g2_GuardRing_P15280W1260HFF in circuit sg13g2_IOPadAnalog (1)(1 instance)
Flattening unmatched subcell sg13g2_Clamp_P20N0D in circuit sg13g2_IOPadAnalog (1)(1 instance)
Flattening unmatched subcell sg13g2_GuardRing_P16000W3852HFF in circuit sg13g2_IOPadAnalog (1)(1 instance)
Flattening unmatched subcell sg13g2_GuardRing_N15280W3132HTF in circuit sg13g2_IOPadAnalog (1)(1 instance)
Flattening unmatched subcell sg13g2_DCNDiode in circuit sg13g2_IOPadAnalog (1)(1 instance)
Flattening unmatched subcell sg13g2_GuardRing_N7276W2716HFF in circuit sg13g2_IOPadAnalog (1)(1 instance)
Flattening unmatched subcell sg13g2_DCPDiode in circuit sg13g2_IOPadAnalog (1)(1 instance)
Flattening unmatched subcell sg13g2_GuardRing_P7276W2716HFF in circuit sg13g2_IOPadAnalog (1)(1 instance)
Flattening unmatched subcell sg13g2_SecondaryProtection in circuit sg13g2_IOPadAnalog (1)(1 instance)
Flattening unmatched subcell sg13g2_GuardRing_P576W948HFF in circuit sg13g2_IOPadAnalog (1)(1 instance)
Flattening unmatched subcell sg13g2_GuardRing_P456W948HFF in circuit sg13g2_IOPadAnalog (1)(1 instance)
Flattening unmatched subcell sg13g2_GuardRing_N1324W456HTF in circuit sg13g2_IOPadAnalog (1)(1 instance)

Cell sg13g2_IOPadAnalog (0) disconnected node: iovdd
Cell sg13g2_IOPadAnalog (0) disconnected node: iovss
Cell sg13g2_IOPadAnalog (0) disconnected node: pad
Cell sg13g2_IOPadAnalog (0) disconnected node: padbare
Cell sg13g2_IOPadAnalog (0) disconnected node: padres
Cell sg13g2_IOPadAnalog (0) disconnected node: vdd
Cell sg13g2_IOPadAnalog (0) disconnected node: vss
Cell sg13g2_IOPadAnalog (1) disconnected node: vss
Cell sg13g2_IOPadAnalog (1) disconnected node: vdd

Subcircuit pins:
Circuit 1: sg13g2_IOPadAnalog              |Circuit 2: sg13g2_IOPadAnalog              
-------------------------------------------|-------------------------------------------
iovdd                                      |iovdd                                      
iovss                                      |iovss                                      
pad                                        |pad                                        
padres                                     |padres                                     
vdd                                        |vdd                                        
vss                                        |vss                                        
padbare                                    |(no matching pin)                          
---------------------------------------------------------------------------------------
Cell pin lists are equivalent.
Device classes sg13g2_IOPadAnalog and sg13g2_IOPadAnalog are equivalent.
Flattening unmatched subcell sg13g2_DCNDiode in circuit sg13g2_IOPadIn (1)(1 instance)
Flattening unmatched subcell sg13g2_GuardRing_N7276W2716HFF in circuit sg13g2_IOPadIn (1)(1 instance)
Flattening unmatched subcell sg13g2_DCPDiode in circuit sg13g2_IOPadIn (1)(1 instance)
Flattening unmatched subcell sg13g2_GuardRing_P7276W2716HFF in circuit sg13g2_IOPadIn (1)(1 instance)
Flattening unmatched subcell sg13g2_LevelDown in circuit sg13g2_IOPadIn (1)(1 instance)
Flattening unmatched subcell sg13g2_SecondaryProtection in circuit sg13g2_IOPadIn (1)(1 instance)
Flattening unmatched subcell sg13g2_GuardRing_P576W948HFF in circuit sg13g2_IOPadIn (1)(1 instance)
Flattening unmatched subcell sg13g2_GuardRing_P456W948HFF in circuit sg13g2_IOPadIn (1)(1 instance)
Flattening unmatched subcell sg13g2_GuardRing_N1324W456HTF in circuit sg13g2_IOPadIn (1)(1 instance)

Cell sg13g2_IOPadIn (0) disconnected node: iovdd
Cell sg13g2_IOPadIn (0) disconnected node: iovss
Cell sg13g2_IOPadIn (0) disconnected node: p2c
Cell sg13g2_IOPadIn (0) disconnected node: pad
Cell sg13g2_IOPadIn (0) disconnected node: vdd
Cell sg13g2_IOPadIn (0) disconnected node: vss

Subcircuit pins:
Circuit 1: sg13g2_IOPadIn                  |Circuit 2: sg13g2_IOPadIn                  
-------------------------------------------|-------------------------------------------
iovdd                                      |iovdd                                      
iovss                                      |iovss                                      
p2c                                        |p2c                                        
pad                                        |pad                                        
vdd                                        |vdd                                        
vss                                        |vss                                        
---------------------------------------------------------------------------------------
Cell pin lists are equivalent.
Device classes sg13g2_IOPadIn and sg13g2_IOPadIn are equivalent.

Cell counter_top (0) disconnected node: VDD
Cell counter_top (0) disconnected node: VSS
Cell counter_top (0) disconnected node: clock_i
Cell counter_top (0) disconnected node: counter_value_o[0]
Cell counter_top (0) disconnected node: counter_value_o[1]
Cell counter_top (0) disconnected node: counter_value_o[2]
Cell counter_top (0) disconnected node: counter_value_o[3]
Cell counter_top (0) disconnected node: counter_value_o[4]
Cell counter_top (0) disconnected node: counter_value_o[5]
Cell counter_top (0) disconnected node: counter_value_o[6]
Cell counter_top (0) disconnected node: counter_value_o[7]
Cell counter_top (0) disconnected node: enable_i
Cell counter_top (0) disconnected node: reset_n_i

Subcircuit pins:
Circuit 1: counter_top                     |Circuit 2: counter_top                     
-------------------------------------------|-------------------------------------------
VDD                                        |VDD                                        
VSS                                        |VSS                                        
clock_i                                    |clock_i                                    
counter_value_o[0]                         |counter_value_o[0]                         
counter_value_o[1]                         |counter_value_o[1]                         
counter_value_o[2]                         |counter_value_o[2]                         
counter_value_o[3]                         |counter_value_o[3]                         
counter_value_o[4]                         |counter_value_o[4]                         
counter_value_o[5]                         |counter_value_o[5]                         
counter_value_o[6]                         |counter_value_o[6]                         
counter_value_o[7]                         |counter_value_o[7]                         
enable_i                                   |enable_i                                   
reset_n_i                                  |reset_n_i                                  
---------------------------------------------------------------------------------------
Cell pin lists are equivalent.
Device classes counter_top and counter_top are equivalent.

Cell RM_IHPSG13_1P_1024x32_c2_bm_bist (0) disconnected node: A_DIN[16]
Cell RM_IHPSG13_1P_1024x32_c2_bm_bist (0) disconnected node: A_DIN[15]
Cell RM_IHPSG13_1P_1024x32_c2_bm_bist (0) disconnected node: A_BIST_DIN[16]
Cell RM_IHPSG13_1P_1024x32_c2_bm_bist (0) disconnected node: A_BIST_DIN[15]
Cell RM_IHPSG13_1P_1024x32_c2_bm_bist (0) disconnected node: A_BM[16]
Cell RM_IHPSG13_1P_1024x32_c2_bm_bist (0) disconnected node: A_BM[15]
Cell RM_IHPSG13_1P_1024x32_c2_bm_bist (0) disconnected node: A_BIST_BM[16]
Cell RM_IHPSG13_1P_1024x32_c2_bm_bist (0) disconnected node: A_BIST_BM[15]
Cell RM_IHPSG13_1P_1024x32_c2_bm_bist (0) disconnected node: A_DOUT[16]
Cell RM_IHPSG13_1P_1024x32_c2_bm_bist (0) disconnected node: A_DOUT[15]
Cell RM_IHPSG13_1P_1024x32_c2_bm_bist (0) disconnected node: VSS
Cell RM_IHPSG13_1P_1024x32_c2_bm_bist (0) disconnected node: VDD
Cell RM_IHPSG13_1P_1024x32_c2_bm_bist (0) disconnected node: VDDARRAY
Cell RM_IHPSG13_1P_1024x32_c2_bm_bist (0) disconnected node: A_DIN[17]
Cell RM_IHPSG13_1P_1024x32_c2_bm_bist (0) disconnected node: A_DIN[14]
Cell RM_IHPSG13_1P_1024x32_c2_bm_bist (0) disconnected node: A_BIST_DIN[17]
Cell RM_IHPSG13_1P_1024x32_c2_bm_bist (0) disconnected node: A_BIST_DIN[14]
Cell RM_IHPSG13_1P_1024x32_c2_bm_bist (0) disconnected node: A_BM[17]
Cell RM_IHPSG13_1P_1024x32_c2_bm_bist (0) disconnected node: A_BM[14]
Cell RM_IHPSG13_1P_1024x32_c2_bm_bist (0) disconnected node: A_BIST_BM[17]
Cell RM_IHPSG13_1P_1024x32_c2_bm_bist (0) disconnected node: A_BIST_BM[14]
Cell RM_IHPSG13_1P_1024x32_c2_bm_bist (0) disconnected node: A_DOUT[17]
Cell RM_IHPSG13_1P_1024x32_c2_bm_bist (0) disconnected node: A_DOUT[14]
Cell RM_IHPSG13_1P_1024x32_c2_bm_bist (0) disconnected node: A_DIN[18]
Cell RM_IHPSG13_1P_1024x32_c2_bm_bist (0) disconnected node: A_DIN[13]
Cell RM_IHPSG13_1P_1024x32_c2_bm_bist (0) disconnected node: A_BIST_DIN[18]
Cell RM_IHPSG13_1P_1024x32_c2_bm_bist (0) disconnected node: A_BIST_DIN[13]
Cell RM_IHPSG13_1P_1024x32_c2_bm_bist (0) disconnected node: A_BM[18]
Cell RM_IHPSG13_1P_1024x32_c2_bm_bist (0) disconnected node: A_BM[13]
Cell RM_IHPSG13_1P_1024x32_c2_bm_bist (0) disconnected node: A_BIST_BM[18]
Cell RM_IHPSG13_1P_1024x32_c2_bm_bist (0) disconnected node: A_BIST_BM[13]
Cell RM_IHPSG13_1P_1024x32_c2_bm_bist (0) disconnected node: A_DOUT[18]
Cell RM_IHPSG13_1P_1024x32_c2_bm_bist (0) disconnected node: A_DOUT[13]
Cell RM_IHPSG13_1P_1024x32_c2_bm_bist (0) disconnected node: A_DIN[19]
Cell RM_IHPSG13_1P_1024x32_c2_bm_bist (0) disconnected node: A_DIN[12]
Cell RM_IHPSG13_1P_1024x32_c2_bm_bist (0) disconnected node: A_BIST_DIN[19]
Cell RM_IHPSG13_1P_1024x32_c2_bm_bist (0) disconnected node: A_BIST_DIN[12]
Cell RM_IHPSG13_1P_1024x32_c2_bm_bist (0) disconnected node: A_BM[19]
Cell RM_IHPSG13_1P_1024x32_c2_bm_bist (0) disconnected node: A_BM[12]
Cell RM_IHPSG13_1P_1024x32_c2_bm_bist (0) disconnected node: A_BIST_BM[19]
Cell RM_IHPSG13_1P_1024x32_c2_bm_bist (0) disconnected node: A_BIST_BM[12]
Cell RM_IHPSG13_1P_1024x32_c2_bm_bist (0) disconnected node: A_DOUT[19]
Cell RM_IHPSG13_1P_1024x32_c2_bm_bist (0) disconnected node: A_DOUT[12]
Cell RM_IHPSG13_1P_1024x32_c2_bm_bist (0) disconnected node: A_DIN[20]
Cell RM_IHPSG13_1P_1024x32_c2_bm_bist (0) disconnected node: A_DIN[11]
Cell RM_IHPSG13_1P_1024x32_c2_bm_bist (0) disconnected node: A_BIST_DIN[20]
Cell RM_IHPSG13_1P_1024x32_c2_bm_bist (0) disconnected node: A_BIST_DIN[11]
Cell RM_IHPSG13_1P_1024x32_c2_bm_bist (0) disconnected node: A_BM[20]
Cell RM_IHPSG13_1P_1024x32_c2_bm_bist (0) disconnected node: A_BM[11]
Cell RM_IHPSG13_1P_1024x32_c2_bm_bist (0) disconnected node: A_BIST_BM[20]
Cell RM_IHPSG13_1P_1024x32_c2_bm_bist (0) disconnected node: A_BIST_BM[11]
Cell RM_IHPSG13_1P_1024x32_c2_bm_bist (0) disconnected node: A_DOUT[20]
Cell RM_IHPSG13_1P_1024x32_c2_bm_bist (0) disconnected node: A_DOUT[11]
Cell RM_IHPSG13_1P_1024x32_c2_bm_bist (0) disconnected node: A_DIN[21]
Cell RM_IHPSG13_1P_1024x32_c2_bm_bist (0) disconnected node: A_DIN[10]
Cell RM_IHPSG13_1P_1024x32_c2_bm_bist (0) disconnected node: A_BIST_DIN[21]
Cell RM_IHPSG13_1P_1024x32_c2_bm_bist (0) disconnected node: A_BIST_DIN[10]
Cell RM_IHPSG13_1P_1024x32_c2_bm_bist (0) disconnected node: A_BM[21]
Cell RM_IHPSG13_1P_1024x32_c2_bm_bist (0) disconnected node: A_BM[10]
Cell RM_IHPSG13_1P_1024x32_c2_bm_bist (0) disconnected node: A_BIST_BM[21]
Cell RM_IHPSG13_1P_1024x32_c2_bm_bist (0) disconnected node: A_BIST_BM[10]
Cell RM_IHPSG13_1P_1024x32_c2_bm_bist (0) disconnected node: A_DOUT[21]
Cell RM_IHPSG13_1P_1024x32_c2_bm_bist (0) disconnected node: A_DOUT[10]
Cell RM_IHPSG13_1P_1024x32_c2_bm_bist (0) disconnected node: A_DIN[22]
Cell RM_IHPSG13_1P_1024x32_c2_bm_bist (0) disconnected node: A_DIN[9]
Cell RM_IHPSG13_1P_1024x32_c2_bm_bist (0) disconnected node: A_BIST_DIN[22]
Cell RM_IHPSG13_1P_1024x32_c2_bm_bist (0) disconnected node: A_BIST_DIN[9]
Cell RM_IHPSG13_1P_1024x32_c2_bm_bist (0) disconnected node: A_BM[22]
Cell RM_IHPSG13_1P_1024x32_c2_bm_bist (0) disconnected node: A_BM[9]
Cell RM_IHPSG13_1P_1024x32_c2_bm_bist (0) disconnected node: A_BIST_BM[22]
Cell RM_IHPSG13_1P_1024x32_c2_bm_bist (0) disconnected node: A_BIST_BM[9]
Cell RM_IHPSG13_1P_1024x32_c2_bm_bist (0) disconnected node: A_DOUT[22]
Cell RM_IHPSG13_1P_1024x32_c2_bm_bist (0) disconnected node: A_DOUT[9]
Cell RM_IHPSG13_1P_1024x32_c2_bm_bist (0) disconnected node: A_DIN[23]
Cell RM_IHPSG13_1P_1024x32_c2_bm_bist (0) disconnected node: A_DIN[8]
Cell RM_IHPSG13_1P_1024x32_c2_bm_bist (0) disconnected node: A_BIST_DIN[23]
Cell RM_IHPSG13_1P_1024x32_c2_bm_bist (0) disconnected node: A_BIST_DIN[8]
Cell RM_IHPSG13_1P_1024x32_c2_bm_bist (0) disconnected node: A_BM[23]
Cell RM_IHPSG13_1P_1024x32_c2_bm_bist (0) disconnected node: A_BM[8]
Cell RM_IHPSG13_1P_1024x32_c2_bm_bist (0) disconnected node: A_BIST_BM[23]
Cell RM_IHPSG13_1P_1024x32_c2_bm_bist (0) disconnected node: A_BIST_BM[8]
Cell RM_IHPSG13_1P_1024x32_c2_bm_bist (0) disconnected node: A_DOUT[23]
Cell RM_IHPSG13_1P_1024x32_c2_bm_bist (0) disconnected node: A_DOUT[8]
Cell RM_IHPSG13_1P_1024x32_c2_bm_bist (0) disconnected node: A_DIN[24]
Cell RM_IHPSG13_1P_1024x32_c2_bm_bist (0) disconnected node: A_DIN[7]
Cell RM_IHPSG13_1P_1024x32_c2_bm_bist (0) disconnected node: A_BIST_DIN[24]
Cell RM_IHPSG13_1P_1024x32_c2_bm_bist (0) disconnected node: A_BIST_DIN[7]
Cell RM_IHPSG13_1P_1024x32_c2_bm_bist (0) disconnected node: A_BM[24]
Cell RM_IHPSG13_1P_1024x32_c2_bm_bist (0) disconnected node: A_BM[7]
Cell RM_IHPSG13_1P_1024x32_c2_bm_bist (0) disconnected node: A_BIST_BM[24]
Cell RM_IHPSG13_1P_1024x32_c2_bm_bist (0) disconnected node: A_BIST_BM[7]
Cell RM_IHPSG13_1P_1024x32_c2_bm_bist (0) disconnected node: A_DOUT[24]
Cell RM_IHPSG13_1P_1024x32_c2_bm_bist (0) disconnected node: A_DOUT[7]
Cell RM_IHPSG13_1P_1024x32_c2_bm_bist (0) disconnected node: A_DIN[25]
Cell RM_IHPSG13_1P_1024x32_c2_bm_bist (0) disconnected node: A_DIN[6]
Cell RM_IHPSG13_1P_1024x32_c2_bm_bist (0) disconnected node: A_BIST_DIN[25]
Cell RM_IHPSG13_1P_1024x32_c2_bm_bist (0) disconnected node: A_BIST_DIN[6]
Cell RM_IHPSG13_1P_1024x32_c2_bm_bist (0) disconnected node: A_BM[25]
Cell RM_IHPSG13_1P_1024x32_c2_bm_bist (0) disconnected node: A_BM[6]
Cell RM_IHPSG13_1P_1024x32_c2_bm_bist (0) disconnected node: A_BIST_BM[25]
Cell RM_IHPSG13_1P_1024x32_c2_bm_bist (0) disconnected node: A_BIST_BM[6]
Cell RM_IHPSG13_1P_1024x32_c2_bm_bist (0) disconnected node: A_DOUT[25]
Cell RM_IHPSG13_1P_1024x32_c2_bm_bist (0) disconnected node: A_DOUT[6]
Cell RM_IHPSG13_1P_1024x32_c2_bm_bist (0) disconnected node: A_DIN[26]
Cell RM_IHPSG13_1P_1024x32_c2_bm_bist (0) disconnected node: A_DIN[5]
Cell RM_IHPSG13_1P_1024x32_c2_bm_bist (0) disconnected node: A_BIST_DIN[26]
Cell RM_IHPSG13_1P_1024x32_c2_bm_bist (0) disconnected node: A_BIST_DIN[5]
Cell RM_IHPSG13_1P_1024x32_c2_bm_bist (0) disconnected node: A_BM[26]
Cell RM_IHPSG13_1P_1024x32_c2_bm_bist (0) disconnected node: A_BM[5]
Cell RM_IHPSG13_1P_1024x32_c2_bm_bist (0) disconnected node: A_BIST_BM[26]
Cell RM_IHPSG13_1P_1024x32_c2_bm_bist (0) disconnected node: A_BIST_BM[5]
Cell RM_IHPSG13_1P_1024x32_c2_bm_bist (0) disconnected node: A_DOUT[26]
Cell RM_IHPSG13_1P_1024x32_c2_bm_bist (0) disconnected node: A_DOUT[5]
Cell RM_IHPSG13_1P_1024x32_c2_bm_bist (0) disconnected node: A_DIN[27]
Cell RM_IHPSG13_1P_1024x32_c2_bm_bist (0) disconnected node: A_DIN[4]
Cell RM_IHPSG13_1P_1024x32_c2_bm_bist (0) disconnected node: A_BIST_DIN[27]
Cell RM_IHPSG13_1P_1024x32_c2_bm_bist (0) disconnected node: A_BIST_DIN[4]
Cell RM_IHPSG13_1P_1024x32_c2_bm_bist (0) disconnected node: A_BM[27]
Cell RM_IHPSG13_1P_1024x32_c2_bm_bist (0) disconnected node: A_BM[4]
Cell RM_IHPSG13_1P_1024x32_c2_bm_bist (0) disconnected node: A_BIST_BM[27]
Cell RM_IHPSG13_1P_1024x32_c2_bm_bist (0) disconnected node: A_BIST_BM[4]
Cell RM_IHPSG13_1P_1024x32_c2_bm_bist (0) disconnected node: A_DOUT[27]
Cell RM_IHPSG13_1P_1024x32_c2_bm_bist (0) disconnected node: A_DOUT[4]
Cell RM_IHPSG13_1P_1024x32_c2_bm_bist (0) disconnected node: A_DIN[28]
Cell RM_IHPSG13_1P_1024x32_c2_bm_bist (0) disconnected node: A_DIN[3]
Cell RM_IHPSG13_1P_1024x32_c2_bm_bist (0) disconnected node: A_BIST_DIN[28]
Cell RM_IHPSG13_1P_1024x32_c2_bm_bist (0) disconnected node: A_BIST_DIN[3]
Cell RM_IHPSG13_1P_1024x32_c2_bm_bist (0) disconnected node: A_BM[28]
Cell RM_IHPSG13_1P_1024x32_c2_bm_bist (0) disconnected node: A_BM[3]
Cell RM_IHPSG13_1P_1024x32_c2_bm_bist (0) disconnected node: A_BIST_BM[28]
Cell RM_IHPSG13_1P_1024x32_c2_bm_bist (0) disconnected node: A_BIST_BM[3]
Cell RM_IHPSG13_1P_1024x32_c2_bm_bist (0) disconnected node: A_DOUT[28]
Cell RM_IHPSG13_1P_1024x32_c2_bm_bist (0) disconnected node: A_DOUT[3]
Cell RM_IHPSG13_1P_1024x32_c2_bm_bist (0) disconnected node: A_DIN[29]
Cell RM_IHPSG13_1P_1024x32_c2_bm_bist (0) disconnected node: A_DIN[2]
Cell RM_IHPSG13_1P_1024x32_c2_bm_bist (0) disconnected node: A_BIST_DIN[29]
Cell RM_IHPSG13_1P_1024x32_c2_bm_bist (0) disconnected node: A_BIST_DIN[2]
Cell RM_IHPSG13_1P_1024x32_c2_bm_bist (0) disconnected node: A_BM[29]
Cell RM_IHPSG13_1P_1024x32_c2_bm_bist (0) disconnected node: A_BM[2]
Cell RM_IHPSG13_1P_1024x32_c2_bm_bist (0) disconnected node: A_BIST_BM[29]
Cell RM_IHPSG13_1P_1024x32_c2_bm_bist (0) disconnected node: A_BIST_BM[2]
Cell RM_IHPSG13_1P_1024x32_c2_bm_bist (0) disconnected node: A_DOUT[29]
Cell RM_IHPSG13_1P_1024x32_c2_bm_bist (0) disconnected node: A_DOUT[2]
Cell RM_IHPSG13_1P_1024x32_c2_bm_bist (0) disconnected node: A_DIN[30]
Cell RM_IHPSG13_1P_1024x32_c2_bm_bist (0) disconnected node: A_DIN[1]
Cell RM_IHPSG13_1P_1024x32_c2_bm_bist (0) disconnected node: A_BIST_DIN[30]
Cell RM_IHPSG13_1P_1024x32_c2_bm_bist (0) disconnected node: A_BIST_DIN[1]
Cell RM_IHPSG13_1P_1024x32_c2_bm_bist (0) disconnected node: A_BM[30]
Cell RM_IHPSG13_1P_1024x32_c2_bm_bist (0) disconnected node: A_BM[1]
Cell RM_IHPSG13_1P_1024x32_c2_bm_bist (0) disconnected node: A_BIST_BM[30]
Cell RM_IHPSG13_1P_1024x32_c2_bm_bist (0) disconnected node: A_BIST_BM[1]
Cell RM_IHPSG13_1P_1024x32_c2_bm_bist (0) disconnected node: A_DOUT[30]
Cell RM_IHPSG13_1P_1024x32_c2_bm_bist (0) disconnected node: A_DOUT[1]
Cell RM_IHPSG13_1P_1024x32_c2_bm_bist (0) disconnected node: A_DIN[31]
Cell RM_IHPSG13_1P_1024x32_c2_bm_bist (0) disconnected node: A_DIN[0]
Cell RM_IHPSG13_1P_1024x32_c2_bm_bist (0) disconnected node: A_BIST_DIN[31]
Cell RM_IHPSG13_1P_1024x32_c2_bm_bist (0) disconnected node: A_BIST_DIN[0]
Cell RM_IHPSG13_1P_1024x32_c2_bm_bist (0) disconnected node: A_BM[31]
Cell RM_IHPSG13_1P_1024x32_c2_bm_bist (0) disconnected node: A_BM[0]
Cell RM_IHPSG13_1P_1024x32_c2_bm_bist (0) disconnected node: A_BIST_BM[31]
Cell RM_IHPSG13_1P_1024x32_c2_bm_bist (0) disconnected node: A_BIST_BM[0]
Cell RM_IHPSG13_1P_1024x32_c2_bm_bist (0) disconnected node: A_DOUT[31]
Cell RM_IHPSG13_1P_1024x32_c2_bm_bist (0) disconnected node: A_DOUT[0]
Cell RM_IHPSG13_1P_1024x32_c2_bm_bist (0) disconnected node: A_ADDR[0]
Cell RM_IHPSG13_1P_1024x32_c2_bm_bist (0) disconnected node: A_BIST_ADDR[0]
Cell RM_IHPSG13_1P_1024x32_c2_bm_bist (0) disconnected node: A_ADDR[1]
Cell RM_IHPSG13_1P_1024x32_c2_bm_bist (0) disconnected node: A_BIST_ADDR[1]
Cell RM_IHPSG13_1P_1024x32_c2_bm_bist (0) disconnected node: A_ADDR[2]
Cell RM_IHPSG13_1P_1024x32_c2_bm_bist (0) disconnected node: A_BIST_ADDR[2]
Cell RM_IHPSG13_1P_1024x32_c2_bm_bist (0) disconnected node: A_ADDR[3]
Cell RM_IHPSG13_1P_1024x32_c2_bm_bist (0) disconnected node: A_BIST_ADDR[3]
Cell RM_IHPSG13_1P_1024x32_c2_bm_bist (0) disconnected node: A_ADDR[4]
Cell RM_IHPSG13_1P_1024x32_c2_bm_bist (0) disconnected node: A_BIST_ADDR[4]
Cell RM_IHPSG13_1P_1024x32_c2_bm_bist (0) disconnected node: A_ADDR[5]
Cell RM_IHPSG13_1P_1024x32_c2_bm_bist (0) disconnected node: A_BIST_ADDR[5]
Cell RM_IHPSG13_1P_1024x32_c2_bm_bist (0) disconnected node: A_ADDR[6]
Cell RM_IHPSG13_1P_1024x32_c2_bm_bist (0) disconnected node: A_BIST_ADDR[6]
Cell RM_IHPSG13_1P_1024x32_c2_bm_bist (0) disconnected node: A_ADDR[7]
Cell RM_IHPSG13_1P_1024x32_c2_bm_bist (0) disconnected node: A_BIST_ADDR[7]
Cell RM_IHPSG13_1P_1024x32_c2_bm_bist (0) disconnected node: A_ADDR[8]
Cell RM_IHPSG13_1P_1024x32_c2_bm_bist (0) disconnected node: A_BIST_ADDR[8]
Cell RM_IHPSG13_1P_1024x32_c2_bm_bist (0) disconnected node: A_ADDR[9]
Cell RM_IHPSG13_1P_1024x32_c2_bm_bist (0) disconnected node: A_BIST_ADDR[9]
Cell RM_IHPSG13_1P_1024x32_c2_bm_bist (0) disconnected node: A_CLK
Cell RM_IHPSG13_1P_1024x32_c2_bm_bist (0) disconnected node: A_REN
Cell RM_IHPSG13_1P_1024x32_c2_bm_bist (0) disconnected node: A_WEN
Cell RM_IHPSG13_1P_1024x32_c2_bm_bist (0) disconnected node: A_MEN
Cell RM_IHPSG13_1P_1024x32_c2_bm_bist (0) disconnected node: A_DLY
Cell RM_IHPSG13_1P_1024x32_c2_bm_bist (0) disconnected node: A_BIST_EN
Cell RM_IHPSG13_1P_1024x32_c2_bm_bist (0) disconnected node: A_BIST_CLK
Cell RM_IHPSG13_1P_1024x32_c2_bm_bist (0) disconnected node: A_BIST_REN
Cell RM_IHPSG13_1P_1024x32_c2_bm_bist (0) disconnected node: A_BIST_WEN
Cell RM_IHPSG13_1P_1024x32_c2_bm_bist (0) disconnected node: A_BIST_MEN

Subcircuit pins:
Circuit 1: RM_IHPSG13_1P_1024x32_c2_bm_bis |Circuit 2: RM_IHPSG13_1P_1024x32_c2_bm_bis 
-------------------------------------------|-------------------------------------------
A_DIN[16]                                  |A_DIN[16]                                  
A_DIN[15]                                  |A_DIN[15]                                  
A_BIST_DIN[16]                             |A_BIST_DIN[16]                             
A_BIST_DIN[15]                             |A_BIST_DIN[15]                             
A_BM[16]                                   |A_BM[16]                                   
A_BM[15]                                   |A_BM[15]                                   
A_BIST_BM[16]                              |A_BIST_BM[16]                              
A_BIST_BM[15]                              |A_BIST_BM[15]                              
A_DOUT[16]                                 |A_DOUT[16]                                 
A_DOUT[15]                                 |A_DOUT[15]                                 
VSS                                        |\VSS                                       
VDD                                        |\VDD                                       
VDDARRAY                                   |\VDDARRAY                                  
A_DIN[17]                                  |A_DIN[17]                                  
A_DIN[14]                                  |A_DIN[14]                                  
A_BIST_DIN[17]                             |A_BIST_DIN[17]                             
A_BIST_DIN[14]                             |A_BIST_DIN[14]                             
A_BM[17]                                   |A_BM[17]                                   
A_BM[14]                                   |A_BM[14]                                   
A_BIST_BM[17]                              |A_BIST_BM[17]                              
A_BIST_BM[14]                              |A_BIST_BM[14]                              
A_DOUT[17]                                 |A_DOUT[17]                                 
A_DOUT[14]                                 |A_DOUT[14]                                 
A_DIN[18]                                  |A_DIN[18]                                  
A_DIN[13]                                  |A_DIN[13]                                  
A_BIST_DIN[18]                             |A_BIST_DIN[18]                             
A_BIST_DIN[13]                             |A_BIST_DIN[13]                             
A_BM[18]                                   |A_BM[18]                                   
A_BM[13]                                   |A_BM[13]                                   
A_BIST_BM[18]                              |A_BIST_BM[18]                              
A_BIST_BM[13]                              |A_BIST_BM[13]                              
A_DOUT[18]                                 |A_DOUT[18]                                 
A_DOUT[13]                                 |A_DOUT[13]                                 
A_DIN[19]                                  |A_DIN[19]                                  
A_DIN[12]                                  |A_DIN[12]                                  
A_BIST_DIN[19]                             |A_BIST_DIN[19]                             
A_BIST_DIN[12]                             |A_BIST_DIN[12]                             
A_BM[19]                                   |A_BM[19]                                   
A_BM[12]                                   |A_BM[12]                                   
A_BIST_BM[19]                              |A_BIST_BM[19]                              
A_BIST_BM[12]                              |A_BIST_BM[12]                              
A_DOUT[19]                                 |A_DOUT[19]                                 
A_DOUT[12]                                 |A_DOUT[12]                                 
A_DIN[20]                                  |A_DIN[20]                                  
A_DIN[11]                                  |A_DIN[11]                                  
A_BIST_DIN[20]                             |A_BIST_DIN[20]                             
A_BIST_DIN[11]                             |A_BIST_DIN[11]                             
A_BM[20]                                   |A_BM[20]                                   
A_BM[11]                                   |A_BM[11]                                   
A_BIST_BM[20]                              |A_BIST_BM[20]                              
A_BIST_BM[11]                              |A_BIST_BM[11]                              
A_DOUT[20]                                 |A_DOUT[20]                                 
A_DOUT[11]                                 |A_DOUT[11]                                 
A_DIN[21]                                  |A_DIN[21]                                  
A_DIN[10]                                  |A_DIN[10]                                  
A_BIST_DIN[21]                             |A_BIST_DIN[21]                             
A_BIST_DIN[10]                             |A_BIST_DIN[10]                             
A_BM[21]                                   |A_BM[21]                                   
A_BM[10]                                   |A_BM[10]                                   
A_BIST_BM[21]                              |A_BIST_BM[21]                              
A_BIST_BM[10]                              |A_BIST_BM[10]                              
A_DOUT[21]                                 |A_DOUT[21]                                 
A_DOUT[10]                                 |A_DOUT[10]                                 
A_DIN[22]                                  |A_DIN[22]                                  
A_DIN[9]                                   |A_DIN[9]                                   
A_BIST_DIN[22]                             |A_BIST_DIN[22]                             
A_BIST_DIN[9]                              |A_BIST_DIN[9]                              
A_BM[22]                                   |A_BM[22]                                   
A_BM[9]                                    |A_BM[9]                                    
A_BIST_BM[22]                              |A_BIST_BM[22]                              
A_BIST_BM[9]                               |A_BIST_BM[9]                               
A_DOUT[22]                                 |A_DOUT[22]                                 
A_DOUT[9]                                  |A_DOUT[9]                                  
A_DIN[23]                                  |A_DIN[23]                                  
A_DIN[8]                                   |A_DIN[8]                                   
A_BIST_DIN[23]                             |A_BIST_DIN[23]                             
A_BIST_DIN[8]                              |A_BIST_DIN[8]                              
A_BM[23]                                   |A_BM[23]                                   
A_BM[8]                                    |A_BM[8]                                    
A_BIST_BM[23]                              |A_BIST_BM[23]                              
A_BIST_BM[8]                               |A_BIST_BM[8]                               
A_DOUT[23]                                 |A_DOUT[23]                                 
A_DOUT[8]                                  |A_DOUT[8]                                  
A_DIN[24]                                  |A_DIN[24]                                  
A_DIN[7]                                   |A_DIN[7]                                   
A_BIST_DIN[24]                             |A_BIST_DIN[24]                             
A_BIST_DIN[7]                              |A_BIST_DIN[7]                              
A_BM[24]                                   |A_BM[24]                                   
A_BM[7]                                    |A_BM[7]                                    
A_BIST_BM[24]                              |A_BIST_BM[24]                              
A_BIST_BM[7]                               |A_BIST_BM[7]                               
A_DOUT[24]                                 |A_DOUT[24]                                 
A_DOUT[7]                                  |A_DOUT[7]                                  
A_DIN[25]                                  |A_DIN[25]                                  
A_DIN[6]                                   |A_DIN[6]                                   
A_BIST_DIN[25]                             |A_BIST_DIN[25]                             
A_BIST_DIN[6]                              |A_BIST_DIN[6]                              
A_BM[25]                                   |A_BM[25]                                   
A_BM[6]                                    |A_BM[6]                                    
A_BIST_BM[25]                              |A_BIST_BM[25]                              
A_BIST_BM[6]                               |A_BIST_BM[6]                               
A_DOUT[25]                                 |A_DOUT[25]                                 
A_DOUT[6]                                  |A_DOUT[6]                                  
A_DIN[26]                                  |A_DIN[26]                                  
A_DIN[5]                                   |A_DIN[5]                                   
A_BIST_DIN[26]                             |A_BIST_DIN[26]                             
A_BIST_DIN[5]                              |A_BIST_DIN[5]                              
A_BM[26]                                   |A_BM[26]                                   
A_BM[5]                                    |A_BM[5]                                    
A_BIST_BM[26]                              |A_BIST_BM[26]                              
A_BIST_BM[5]                               |A_BIST_BM[5]                               
A_DOUT[26]                                 |A_DOUT[26]                                 
A_DOUT[5]                                  |A_DOUT[5]                                  
A_DIN[27]                                  |A_DIN[27]                                  
A_DIN[4]                                   |A_DIN[4]                                   
A_BIST_DIN[27]                             |A_BIST_DIN[27]                             
A_BIST_DIN[4]                              |A_BIST_DIN[4]                              
A_BM[27]                                   |A_BM[27]                                   
A_BM[4]                                    |A_BM[4]                                    
A_BIST_BM[27]                              |A_BIST_BM[27]                              
A_BIST_BM[4]                               |A_BIST_BM[4]                               
A_DOUT[27]                                 |A_DOUT[27]                                 
A_DOUT[4]                                  |A_DOUT[4]                                  
A_DIN[28]                                  |A_DIN[28]                                  
A_DIN[3]                                   |A_DIN[3]                                   
A_BIST_DIN[28]                             |A_BIST_DIN[28]                             
A_BIST_DIN[3]                              |A_BIST_DIN[3]                              
A_BM[28]                                   |A_BM[28]                                   
A_BM[3]                                    |A_BM[3]                                    
A_BIST_BM[28]                              |A_BIST_BM[28]                              
A_BIST_BM[3]                               |A_BIST_BM[3]                               
A_DOUT[28]                                 |A_DOUT[28]                                 
A_DOUT[3]                                  |A_DOUT[3]                                  
A_DIN[29]                                  |A_DIN[29]                                  
A_DIN[2]                                   |A_DIN[2]                                   
A_BIST_DIN[29]                             |A_BIST_DIN[29]                             
A_BIST_DIN[2]                              |A_BIST_DIN[2]                              
A_BM[29]                                   |A_BM[29]                                   
A_BM[2]                                    |A_BM[2]                                    
A_BIST_BM[29]                              |A_BIST_BM[29]                              
A_BIST_BM[2]                               |A_BIST_BM[2]                               
A_DOUT[29]                                 |A_DOUT[29]                                 
A_DOUT[2]                                  |A_DOUT[2]                                  
A_DIN[30]                                  |A_DIN[30]                                  
A_DIN[1]                                   |A_DIN[1]                                   
A_BIST_DIN[30]                             |A_BIST_DIN[30]                             
A_BIST_DIN[1]                              |A_BIST_DIN[1]                              
A_BM[30]                                   |A_BM[30]                                   
A_BM[1]                                    |A_BM[1]                                    
A_BIST_BM[30]                              |A_BIST_BM[30]                              
A_BIST_BM[1]                               |A_BIST_BM[1]                               
A_DOUT[30]                                 |A_DOUT[30]                                 
A_DOUT[1]                                  |A_DOUT[1]                                  
A_DIN[31]                                  |A_DIN[31]                                  
A_DIN[0]                                   |A_DIN[0]                                   
A_BIST_DIN[31]                             |A_BIST_DIN[31]                             
A_BIST_DIN[0]                              |A_BIST_DIN[0]                              
A_BM[31]                                   |A_BM[31]                                   
A_BM[0]                                    |A_BM[0]                                    
A_BIST_BM[31]                              |A_BIST_BM[31]                              
A_BIST_BM[0]                               |A_BIST_BM[0]                               
A_DOUT[31]                                 |A_DOUT[31]                                 
A_DOUT[0]                                  |A_DOUT[0]                                  
A_ADDR[0]                                  |A_ADDR[0]                                  
A_BIST_ADDR[0]                             |A_BIST_ADDR[0]                             
A_ADDR[1]                                  |A_ADDR[1]                                  
A_BIST_ADDR[1]                             |A_BIST_ADDR[1]                             
A_ADDR[2]                                  |A_ADDR[2]                                  
A_BIST_ADDR[2]                             |A_BIST_ADDR[2]                             
A_ADDR[3]                                  |A_ADDR[3]                                  
A_BIST_ADDR[3]                             |A_BIST_ADDR[3]                             
A_ADDR[4]                                  |A_ADDR[4]                                  
A_BIST_ADDR[4]                             |A_BIST_ADDR[4]                             
A_ADDR[5]                                  |A_ADDR[5]                                  
A_BIST_ADDR[5]                             |A_BIST_ADDR[5]                             
A_ADDR[6]                                  |A_ADDR[6]                                  
A_BIST_ADDR[6]                             |A_BIST_ADDR[6]                             
A_ADDR[7]                                  |A_ADDR[7]                                  
A_BIST_ADDR[7]                             |A_BIST_ADDR[7]                             
A_ADDR[8]                                  |A_ADDR[8]                                  
A_BIST_ADDR[8]                             |A_BIST_ADDR[8]                             
A_ADDR[9]                                  |A_ADDR[9]                                  
A_BIST_ADDR[9]                             |A_BIST_ADDR[9]                             
A_CLK                                      |A_CLK                                      
A_REN                                      |A_REN                                      
A_WEN                                      |A_WEN                                      
A_MEN                                      |A_MEN                                      
A_DLY                                      |A_DLY                                      
A_BIST_EN                                  |A_BIST_EN                                  
A_BIST_CLK                                 |A_BIST_CLK                                 
A_BIST_REN                                 |A_BIST_REN                                 
A_BIST_WEN                                 |A_BIST_WEN                                 
A_BIST_MEN                                 |A_BIST_MEN                                 
---------------------------------------------------------------------------------------
Cell pin lists are equivalent.
Device classes RM_IHPSG13_1P_1024x32_c2_bm_bist and RM_IHPSG13_1P_1024x32_c2_bm_bist are equivalent.


Subcircuit pins:
Circuit 1: sg13g2_ip__jku_names            |Circuit 2: sg13g2_ip__jku_names            
-------------------------------------------|-------------------------------------------
(no pins)                                  |(no pins)                                  
---------------------------------------------------------------------------------------
Cell pin lists are equivalent.
Device classes sg13g2_ip__jku_names and sg13g2_ip__jku_names are equivalent.
Flattening unmatched subcell sg13g2_Clamp_N43N43D4R in circuit sg13g2_IOPadVdd (1)(1 instance)
Flattening unmatched subcell sg13g2_GuardRing_N16000W4884HFF in circuit sg13g2_IOPadVdd (1)(1 instance)
Flattening unmatched subcell sg13g2_GuardRing_P15280W4164HFF in circuit sg13g2_IOPadVdd (1)(1 instance)
Flattening unmatched subcell sg13g2_RCClampResistor in circuit sg13g2_IOPadVdd (1)(1 instance)
Flattening unmatched subcell sg13g2_RCClampInverter in circuit sg13g2_IOPadVdd (1)(1 instance)
Flattening unmatched subcell sg13g2_GuardRing_P16000W4466HFT in circuit sg13g2_IOPadVdd (1)(1 instance)
Flattening unmatched subcell sg13g2_GuardRing_N9472W2216HTT in circuit sg13g2_IOPadVdd (1)(1 instance)
Flattening unmatched subcell sg13g2_GuardRing_N16000W6624HFF in circuit sg13g2_IOPadVdd (1)(1 instance)

Cell sg13g2_IOPadVdd (0) disconnected node: iovdd
Cell sg13g2_IOPadVdd (0) disconnected node: iovss
Cell sg13g2_IOPadVdd (0) disconnected node: vdd
Cell sg13g2_IOPadVdd (0) disconnected node: vss
Cell sg13g2_IOPadVdd (1) disconnected node: vss
Cell sg13g2_IOPadVdd (1) disconnected node: iovdd

Subcircuit pins:
Circuit 1: sg13g2_IOPadVdd                 |Circuit 2: sg13g2_IOPadVdd                 
-------------------------------------------|-------------------------------------------
iovdd                                      |iovdd                                      
iovss                                      |iovss                                      
vdd                                        |vdd                                        
vss                                        |vss                                        
---------------------------------------------------------------------------------------
Cell pin lists are equivalent.
Device classes sg13g2_IOPadVdd and sg13g2_IOPadVdd are equivalent.

Cell sg13g2_buf_16 (0) disconnected node: X
Cell sg13g2_buf_16 (0) disconnected node: A
Cell sg13g2_buf_16 (0) disconnected node: VDD
Cell sg13g2_buf_16 (0) disconnected node: VSS

Subcircuit pins:
Circuit 1: sg13g2_buf_16                   |Circuit 2: sg13g2_buf_16                   
-------------------------------------------|-------------------------------------------
X                                          |X                                          
A                                          |A                                          
VDD                                        |VDD                                        
VSS                                        |VSS                                        
---------------------------------------------------------------------------------------
Cell pin lists are equivalent.
Device classes sg13g2_buf_16 and sg13g2_buf_16 are equivalent.
Flattening unmatched subcell sg13g2_Clamp_N15N15D in circuit sg13g2_IOPadInOut30mA (1)(1 instance)
Flattening unmatched subcell sg13g2_GuardRing_N16000W1980HFF in circuit sg13g2_IOPadInOut30mA (1)(1 instance)
Flattening unmatched subcell sg13g2_GuardRing_P15280W1260HFF in circuit sg13g2_IOPadInOut30mA (1)(1 instance)
Flattening unmatched subcell sg13g2_Clamp_P15N15D in circuit sg13g2_IOPadInOut30mA (1)(1 instance)
Flattening unmatched subcell sg13g2_GuardRing_P16000W3852HFF in circuit sg13g2_IOPadInOut30mA (1)(1 instance)
Flattening unmatched subcell sg13g2_GuardRing_N15280W3132HTF in circuit sg13g2_IOPadInOut30mA (1)(1 instance)
Flattening unmatched subcell sg13g2_DCNDiode in circuit sg13g2_IOPadInOut30mA (1)(1 instance)
Flattening unmatched subcell sg13g2_GuardRing_N7276W2716HFF in circuit sg13g2_IOPadInOut30mA (1)(1 instance)
Flattening unmatched subcell sg13g2_DCPDiode in circuit sg13g2_IOPadInOut30mA (1)(1 instance)
Flattening unmatched subcell sg13g2_GuardRing_P7276W2716HFF in circuit sg13g2_IOPadInOut30mA (1)(1 instance)
Flattening unmatched subcell sg13g2_GateDecode in circuit sg13g2_IOPadInOut30mA (1)(1 instance)
Flattening unmatched subcell sg13g2_io_tie in circuit sg13g2_IOPadInOut30mA (1)(1 instance)
Flattening unmatched subcell sg13g2_io_inv_x1 in circuit sg13g2_IOPadInOut30mA (1)(1 instance)
Flattening unmatched subcell sg13g2_io_nor2_x1 in circuit sg13g2_IOPadInOut30mA (1)(1 instance)
Flattening unmatched subcell sg13g2_LevelUp in circuit sg13g2_IOPadInOut30mA (1)(2 instances)
Flattening unmatched subcell sg13g2_io_nand2_x1 in circuit sg13g2_IOPadInOut30mA (1)(1 instance)
Flattening unmatched subcell sg13g2_LevelDown in circuit sg13g2_IOPadInOut30mA (1)(1 instance)
Flattening unmatched subcell sg13g2_SecondaryProtection in circuit sg13g2_IOPadInOut30mA (1)(1 instance)
Flattening unmatched subcell sg13g2_GuardRing_P576W948HFF in circuit sg13g2_IOPadInOut30mA (1)(1 instance)
Flattening unmatched subcell sg13g2_GuardRing_P456W948HFF in circuit sg13g2_IOPadInOut30mA (1)(1 instance)
Flattening unmatched subcell sg13g2_GuardRing_N1324W456HTF in circuit sg13g2_IOPadInOut30mA (1)(1 instance)

Cell sg13g2_IOPadInOut30mA (0) disconnected node: c2p
Cell sg13g2_IOPadInOut30mA (0) disconnected node: c2p_en
Cell sg13g2_IOPadInOut30mA (0) disconnected node: iovdd
Cell sg13g2_IOPadInOut30mA (0) disconnected node: iovss
Cell sg13g2_IOPadInOut30mA (0) disconnected node: p2c
Cell sg13g2_IOPadInOut30mA (0) disconnected node: pad
Cell sg13g2_IOPadInOut30mA (0) disconnected node: vdd
Cell sg13g2_IOPadInOut30mA (0) disconnected node: vss

Subcircuit pins:
Circuit 1: sg13g2_IOPadInOut30mA           |Circuit 2: sg13g2_IOPadInOut30mA           
-------------------------------------------|-------------------------------------------
c2p                                        |c2p                                        
c2p_en                                     |c2p_en                                     
iovdd                                      |iovdd                                      
iovss                                      |iovss                                      
p2c                                        |p2c                                        
pad                                        |pad                                        
vdd                                        |vdd                                        
vss                                        |vss                                        
---------------------------------------------------------------------------------------
Cell pin lists are equivalent.
Device classes sg13g2_IOPadInOut30mA and sg13g2_IOPadInOut30mA are equivalent.

Cell sg13g2_antennanp (0) disconnected node: A
Cell sg13g2_antennanp (0) disconnected node: VDD
Cell sg13g2_antennanp (0) disconnected node: VSS

Subcircuit pins:
Circuit 1: sg13g2_antennanp                |Circuit 2: sg13g2_antennanp                
-------------------------------------------|-------------------------------------------
A                                          |A                                          
VDD                                        |VDD                                        
VSS                                        |VSS                                        
---------------------------------------------------------------------------------------
Cell pin lists are equivalent.
Device classes sg13g2_antennanp and sg13g2_antennanp are equivalent.

Cell chip_top (0) disconnected node: sg13g2_ip__jku:jku_logo/(no pins)
Cell chip_top (0) disconnected node: sg13g2_ip__jku_names:jku_names/(no pins)
Cell chip_top (1) disconnected node: jku_logo/(no pins)
Cell chip_top (1) disconnected node: jku_names/(no pins)
Class chip_top (0):  Merged 41716 parallel devices.
Class chip_top (1):  Merged 41716 parallel devices.
Cell chip_top (0) disconnected node: sg13g2_ip__jku:jku_logo/(no pins)
Cell chip_top (0) disconnected node: sg13g2_ip__jku_names:jku_names/(no pins)
Cell chip_top (1) disconnected node: jku_logo/(no pins)
Cell chip_top (1) disconnected node: jku_names/(no pins)
Subcircuit summary:
Circuit 1: chip_top                        |Circuit 2: chip_top                        
-------------------------------------------|-------------------------------------------
sg13g2_decap_8 (40813->1)                  |sg13g2_decap_8 (40813->1)                  
sg13g2_Filler2000 (36)                     |sg13g2_Filler2000 (36)                     
sg13g2_decap_4 (477->1)                    |sg13g2_decap_4 (477->1)                    
sg13g2_tielo (158)                         |sg13g2_tielo (158)                         
sg13g2_Filler1000 (36)                     |sg13g2_Filler1000 (36)                     
sg13g2_xnor2_1 (22)                        |sg13g2_xnor2_1 (22)                        
sg13g2_fill_2 (171->1)                     |sg13g2_fill_2 (171->1)                     
sg13g2_fill_1 (259->1)                     |sg13g2_fill_1 (259->1)                     
sg13g2_Filler4000 (36)                     |sg13g2_Filler4000 (36)                     
sg13g2_tiehi (3)                           |sg13g2_tiehi (3)                           
sg13g2_dlygate4sd3_1 (2)                   |sg13g2_dlygate4sd3_1 (2)                   
sg13g2_IOPadOut30mA (17)                   |sg13g2_IOPadOut30mA (17)                   
sg13g2_inv_1 (1)                           |sg13g2_inv_1 (1)                           
sg13g2_IOPadVss (1)                        |sg13g2_IOPadVss (1)                        
sg13g2_ip__bondpad_70x70 (32)              |sg13g2_ip__bondpad_70x70 (32)              
inverter_top (2)                           |inverter_top (2)                           
sg13g2_Corner (4)                          |sg13g2_Corner (4)                          
sg13g2_Filler400 (8)                       |sg13g2_Filler400 (8)                       
sg13g2_xor2_1 (9)                          |sg13g2_xor2_1 (9)                          
sg13g2_IOPadIOVss (1)                      |sg13g2_IOPadIOVss (1)                      
sg13g2_IOPadIOVdd (1)                      |sg13g2_IOPadIOVdd (1)                      
sg13g2_ip__jku (1)                         |sg13g2_ip__jku (1)                         
sg13g2_Filler200 (4)                       |sg13g2_Filler200 (4)                       
sg13g2_IOPadAnalog (4)                     |sg13g2_IOPadAnalog (4)                     
sg13g2_IOPadIn (3)                         |sg13g2_IOPadIn (3)                         
counter_top (2)                            |counter_top (2)                            
RM_IHPSG13_1P_1024x32_c2_bm_bist (1)       |RM_IHPSG13_1P_1024x32_c2_bm_bist (1)       
sg13g2_ip__jku_names (1)                   |sg13g2_ip__jku_names (1)                   
sg13g2_IOPadVdd (1)                        |sg13g2_IOPadVdd (1)                        
sg13g2_buf_16 (3)                          |sg13g2_buf_16 (3)                          
sg13g2_IOPadInOut30mA (4)                  |sg13g2_IOPadInOut30mA (4)                  
sg13g2_antennanp (4)                       |sg13g2_antennanp (4)                       
Number of devices: 401                     |Number of devices: 401                     
Number of nets: 295                        |Number of nets: 295                        
---------------------------------------------------------------------------------------
Resolving symmetries by property value.
Resolving symmetries by pin name.
Resolving symmetries by net name.
Netlists match with 7 symmetries.

Subcircuit pins:
Circuit 1: chip_top                        |Circuit 2: chip_top                        
-------------------------------------------|-------------------------------------------
analog_PAD[1]                              |analog_PAD[1]                              
analog_PAD[0]                              |analog_PAD[0]                              
analog_PAD[2]                              |analog_PAD[2]                              
analog_PAD[3]                              |analog_PAD[3]                              
bidir_PAD[0]                               |bidir_PAD[0]                               
bidir_PAD[1]                               |bidir_PAD[1]                               
bidir_PAD[2]                               |bidir_PAD[2]                               
bidir_PAD[3]                               |bidir_PAD[3]                               
input_PAD                                  |input_PAD                                  
output_PAD[16]                             |output_PAD[16]                             
output_PAD[11]                             |output_PAD[11]                             
output_PAD[9]                              |output_PAD[9]                              
output_PAD[0]                              |output_PAD[0]                              
output_PAD[4]                              |output_PAD[4]                              
output_PAD[15]                             |output_PAD[15]                             
output_PAD[10]                             |output_PAD[10]                             
output_PAD[8]                              |output_PAD[8]                              
output_PAD[14]                             |output_PAD[14]                             
output_PAD[3]                              |output_PAD[3]                              
output_PAD[7]                              |output_PAD[7]                              
output_PAD[13]                             |output_PAD[13]                             
output_PAD[2]                              |output_PAD[2]                              
output_PAD[6]                              |output_PAD[6]                              
output_PAD[1]                              |output_PAD[1]                              
output_PAD[5]                              |output_PAD[5]                              
output_PAD[12]                             |output_PAD[12]                             
clk_PAD                                    |clk_PAD                                    
rst_n_PAD                                  |rst_n_PAD                                  
IOVDD                                      |IOVDD                                      
IOVSS                                      |IOVSS                                      
VSS                                        |VSS                                        
VDD                                        |VDD                                        
---------------------------------------------------------------------------------------
Cell pin lists are equivalent.
Device classes chip_top and chip_top are equivalent.

Final result: Circuits match uniquely.
.
