
===========================================================================
 report_power
============================================================================
======================= nom_typ_1p50V_25C Corner ===================================

Group                    Internal    Switching      Leakage        Total
                            Power        Power        Power        Power (Watts)
------------------------------------------------------------------------
Sequential           3.583934e-06 1.330114e-07 2.052339e-08 3.737468e-06   0.1%
Combinational        1.810813e-06 3.065011e-06 1.384945e-07 5.014319e-06   0.1%
Clock                5.420159e-06 2.236990e-06 1.431896e-04 1.508467e-04   3.4%
Macro                0.000000e+00 0.000000e+00 9.391882e-07 9.391882e-07   0.0%
Pad                  9.568192e-04 3.295695e-03 5.490798e-08 4.252569e-03  96.4%
------------------------------------------------------------------------
Total                9.676342e-04 3.301131e-03 1.443420e-04 4.413107e-03 100.0%
                            21.9%        74.8%         3.3%

