
===========================================================================
 report_power
============================================================================
======================= nom_fast_1p32V_m40C Corner ===================================

Group                    Internal    Switching      Leakage        Total
                            Power        Power        Power        Power (Watts)
------------------------------------------------------------------------
Sequential           2.816074e-06 1.040445e-07 1.541484e-08 2.935533e-06   0.1%
Combinational        1.388474e-06 2.389277e-06 1.144204e-07 3.892171e-06   0.1%
Clock                4.182566e-06 1.730962e-06 1.259125e-04 1.318261e-04   2.5%
Macro                0.000000e+00 0.000000e+00 9.391882e-07 9.391882e-07   0.0%
Pad                  1.245896e-03 3.911749e-03 7.049099e-08 5.157716e-03  97.4%
------------------------------------------------------------------------
Total                1.254283e-03 3.915973e-03 1.270524e-04 5.297309e-03 100.0%
                            23.7%        73.9%         2.4%

