
===========================================================================
 report_power
============================================================================
======================= nom_slow_1p08V_125C Corner ===================================

Group                    Internal    Switching      Leakage        Total
                            Power        Power        Power        Power (Watts)
------------------------------------------------------------------------
Sequential           1.870823e-06 6.204388e-08 3.385275e-08 1.966719e-06   0.1%
Combinational        8.452514e-07 1.494506e-06 1.323092e-07 2.472066e-06   0.1%
Clock                2.569905e-06 1.069771e-06 8.516324e-06 1.215600e-05   0.4%
Macro                0.000000e+00 0.000000e+00 2.613176e-06 2.613176e-06   0.1%
Pad                  7.149028e-04 2.715997e-03 2.440340e-07 3.431144e-03  99.4%
------------------------------------------------------------------------
Total                7.201887e-04 2.718623e-03 1.153974e-05 3.450351e-03 100.0%
                            20.9%        78.8%         0.3%

