
===========================================================================
 report_power
============================================================================
======================= nom_fast_1p65V_m40C Corner ===================================

Group                    Internal    Switching      Leakage        Total
                            Power        Power        Power        Power (Watts)
------------------------------------------------------------------------
Sequential           4.175701e-06 1.717805e-07 6.234279e-08 4.409824e-06   0.1%
Combinational        2.383379e-06 3.838805e-06 4.859549e-07 6.708139e-06   0.1%
Clock                7.153133e-06 2.832501e-06 5.127466e-04 5.227322e-04   9.2%
Macro                0.000000e+00 0.000000e+00 9.391882e-07 9.391882e-07   0.0%
Pad                  1.253344e-03 3.922788e-03 1.410145e-07 5.176273e-03  90.6%
------------------------------------------------------------------------
Total                1.267056e-03 3.929631e-03 5.143712e-04 5.711059e-03 100.0%
                            22.2%        68.8%         9.0%

