
===========================================================================
 report_power
============================================================================
======================= nom_typ_1p20V_25C Corner ===================================

Group                    Internal    Switching      Leakage        Total
                            Power        Power        Power        Power (Watts)
------------------------------------------------------------------------
Sequential           2.329326e-06 6.358808e-08 7.151735e-09 2.400066e-06   0.1%
Combinational        8.846486e-07 1.854305e-06 3.937731e-08 2.778331e-06   0.1%
Clock                3.273789e-06 1.343134e-06 3.391355e-05 3.853048e-05   0.9%
Macro                0.000000e+00 0.000000e+00 3.960310e-07 3.960310e-07   0.0%
Pad                  9.456169e-04 3.286645e-03 3.331323e-08 4.232295e-03  99.0%
------------------------------------------------------------------------
Total                9.521047e-04 3.289906e-03 3.438953e-05 4.276400e-03 100.0%
                            22.3%        76.9%         0.8%

