
===========================================================================
 report_power
============================================================================
======================= nom_fast_1p65V_m40C Corner ===================================

Group                    Internal    Switching      Leakage        Total
                            Power        Power        Power        Power (Watts)
------------------------------------------------------------------------
Sequential           4.175701e-06 1.717805e-07 6.234279e-08 4.409824e-06   0.1%
Combinational        2.384050e-06 3.848864e-06 4.859549e-07 6.718869e-06   0.1%
Clock                7.161602e-06 2.832488e-06 5.127465e-04 5.227406e-04   9.2%
Macro                0.000000e+00 0.000000e+00 9.391882e-07 9.391882e-07   0.0%
Pad                  1.253364e-03 3.922729e-03 1.410145e-07 5.176234e-03  90.6%
------------------------------------------------------------------------
Total                1.267085e-03 3.929582e-03 5.143711e-04 5.711039e-03 100.0%
                            22.2%        68.8%         9.0%

