
===========================================================================
 report_power
============================================================================
======================= nom_slow_1p35V_125C Corner ===================================

Group                    Internal    Switching      Leakage        Total
                            Power        Power        Power        Power (Watts)
------------------------------------------------------------------------
Sequential           2.915820e-06 1.023154e-07 5.380673e-08 3.071942e-06   0.1%
Combinational        1.399376e-06 2.410679e-06 2.126853e-07 4.022740e-06   0.1%
Clock                4.173814e-06 1.743998e-06 3.655863e-05 4.247644e-05   1.2%
Macro                0.000000e+00 0.000000e+00 9.391882e-07 9.391882e-07   0.0%
Pad                  7.252583e-04 2.723246e-03 2.802224e-07 3.448784e-03  98.6%
------------------------------------------------------------------------
Total                7.337477e-04 2.727504e-03 3.804468e-05 3.499296e-03 100.0%
                            21.0%        77.9%         1.1%

