
===========================================================================
 report_power
============================================================================
======================= nom_slow_1p35V_125C Corner ===================================

Group                    Internal    Switching      Leakage        Total
                            Power        Power        Power        Power (Watts)
------------------------------------------------------------------------
Sequential           2.915131e-06 8.065246e-08 5.380673e-08 3.049591e-06   0.1%
Combinational        1.149004e-06 2.354764e-06 2.035588e-07 3.707327e-06   0.1%
Clock                4.173048e-06 1.711159e-06 3.656544e-05 4.244965e-05   1.2%
Macro                0.000000e+00 0.000000e+00 9.391882e-07 9.391882e-07   0.0%
Pad                  7.252577e-04 2.723244e-03 2.802224e-07 3.448782e-03  98.6%
------------------------------------------------------------------------
Total                7.334949e-04 2.727389e-03 3.804234e-05 3.498926e-03 100.0%
                            21.0%        77.9%         1.1%

