
===========================================================================
 report_power
============================================================================
======================= nom_typ_1p50V_25C Corner ===================================

Group                    Internal    Switching      Leakage        Total
                            Power        Power        Power        Power (Watts)
------------------------------------------------------------------------
Sequential           3.583153e-06 9.177288e-08 2.052339e-08 3.695449e-06   0.1%
Combinational        1.608592e-06 2.754903e-06 1.413031e-07 4.504798e-06   0.1%
Clock                5.415913e-06 2.271412e-06 1.431946e-04 1.508819e-04   3.4%
Macro                0.000000e+00 0.000000e+00 9.391882e-07 9.391882e-07   0.0%
Pad                  9.568128e-04 3.295745e-03 5.490797e-08 4.252613e-03  96.4%
------------------------------------------------------------------------
Total                9.674202e-04 3.300862e-03 1.443499e-04 4.412632e-03 100.0%
                            21.9%        74.8%         3.3%

