
===========================================================================
 report_power
============================================================================
======================= nom_typ_1p20V_25C Corner ===================================

Group                    Internal    Switching      Leakage        Total
                            Power        Power        Power        Power (Watts)
------------------------------------------------------------------------
Sequential           2.330094e-06 8.062919e-08 7.151735e-09 2.417875e-06   0.1%
Combinational        1.078955e-06 1.905042e-06 4.042852e-08 3.024426e-06   0.1%
Clock                3.274758e-06 1.369080e-06 3.390726e-05 3.855110e-05   0.9%
Macro                0.000000e+00 0.000000e+00 3.960310e-07 3.960310e-07   0.0%
Pad                  9.456171e-04 3.286646e-03 3.331323e-08 4.232297e-03  99.0%
------------------------------------------------------------------------
Total                9.523011e-04 3.289999e-03 3.438429e-05 4.276684e-03 100.0%
                            22.3%        76.9%         0.8%

