
===========================================================================
 report_power
============================================================================
======================= nom_fast_1p32V_m40C Corner ===================================

Group                    Internal    Switching      Leakage        Total
                            Power        Power        Power        Power (Watts)
------------------------------------------------------------------------
Sequential           2.815988e-06 8.056196e-08 1.541484e-08 2.911965e-06   0.1%
Combinational        1.140395e-06 2.336912e-06 1.124698e-07 3.589777e-06   0.1%
Clock                4.181713e-06 1.699566e-06 1.259360e-04 1.318173e-04   2.5%
Macro                0.000000e+00 0.000000e+00 9.391882e-07 9.391882e-07   0.0%
Pad                  1.245896e-03 3.911749e-03 7.049099e-08 5.157716e-03  97.4%
------------------------------------------------------------------------
Total                1.254034e-03 3.915866e-03 1.270739e-04 5.296974e-03 100.0%
                            23.7%        73.9%         2.4%

