
===========================================================================
 report_power
============================================================================
======================= nom_typ_1p50V_25C Corner ===================================

Group                    Internal    Switching      Leakage        Total
                            Power        Power        Power        Power (Watts)
------------------------------------------------------------------------
Sequential           3.584411e-06 1.038070e-07 2.052339e-08 3.708742e-06   0.1%
Combinational        1.489151e-06 3.010115e-06 1.355381e-07 4.634805e-06   0.1%
Clock                5.419753e-06 2.196448e-06 1.432163e-04 1.508325e-04   3.4%
Macro                0.000000e+00 0.000000e+00 9.391882e-07 9.391882e-07   0.0%
Pad                  9.568180e-04 3.295693e-03 5.490798e-08 4.252566e-03  96.4%
------------------------------------------------------------------------
Total                9.673113e-04 3.301004e-03 1.443659e-04 4.412681e-03 100.0%
                            21.9%        74.8%         3.3%

