
===========================================================================
 report_power
============================================================================
======================= nom_typ_1p20V_25C Corner ===================================

Group                    Internal    Switching      Leakage        Total
                            Power        Power        Power        Power (Watts)
------------------------------------------------------------------------
Sequential           2.329328e-06 5.555468e-08 7.151735e-09 2.392035e-06   0.1%
Combinational        9.647199e-07 1.708822e-06 4.125134e-08 2.714793e-06   0.1%
Clock                3.275297e-06 1.391111e-06 3.390845e-05 3.857486e-05   0.9%
Macro                0.000000e+00 0.000000e+00 3.960310e-07 3.960310e-07   0.0%
Pad                  9.456141e-04 3.286709e-03 3.331323e-08 4.232356e-03  99.0%
------------------------------------------------------------------------
Total                9.521832e-04 3.289864e-03 3.438628e-05 4.276434e-03 100.0%
                            22.3%        76.9%         0.8%

