
===========================================================================
 report_power
============================================================================
======================= nom_slow_1p08V_125C Corner ===================================

Group                    Internal    Switching      Leakage        Total
                            Power        Power        Power        Power (Watts)
------------------------------------------------------------------------
Sequential           1.869588e-06 4.956631e-08 3.385275e-08 1.953007e-06   0.1%
Combinational        6.926898e-07 1.455629e-06 1.266070e-07 2.274926e-06   0.1%
Clock                2.568996e-06 1.048749e-06 8.517908e-06 1.213565e-05   0.4%
Macro                0.000000e+00 0.000000e+00 2.613176e-06 2.613176e-06   0.1%
Pad                  7.149075e-04 2.715944e-03 2.440340e-07 3.431096e-03  99.4%
------------------------------------------------------------------------
Total                7.200388e-04 2.718498e-03 1.153562e-05 3.450072e-03 100.0%
                            20.9%        78.8%         0.3%

