┏━━━━━━━━━━━━━━━━━━━━━━┳━━━━━━━━━━┳━━━━━━━━━━┳━━━━━━━━━━┳━━━━━━━━━━┳━━━━━━━━━━━┳━━━━━━━━━━┳━━━━━━━━━━━┳━━━━━━━━━━┳━━━━━━━━━━━┳━━━━━━━━━━┳━━━━━━━━━━━┳━━━━━━━━━━┓
┃                      ┃ Hold     ┃ Reg to   ┃          ┃          ┃ of which  ┃ Setup    ┃           ┃          ┃           ┃ of which ┃           ┃          ┃
┃                      ┃ Worst    ┃ Reg      ┃          ┃ Hold Vio ┃ reg to    ┃ Worst    ┃ Reg to    ┃ Setup    ┃ Setup Vio ┃ reg to   ┃ Max Cap   ┃ Max Slew ┃
┃ Corner/Group         ┃ Slack    ┃ Paths    ┃ Hold TNS ┃ Count    ┃ reg       ┃ Slack    ┃ Reg Paths ┃ TNS      ┃ Count     ┃ reg      ┃ Violatio… ┃ Violati… ┃
┡━━━━━━━━━━━━━━━━━━━━━━╇━━━━━━━━━━╇━━━━━━━━━━╇━━━━━━━━━━╇━━━━━━━━━━╇━━━━━━━━━━━╇━━━━━━━━━━╇━━━━━━━━━━━╇━━━━━━━━━━╇━━━━━━━━━━━╇━━━━━━━━━━╇━━━━━━━━━━━╇━━━━━━━━━━┩
│ Overall              │ 0.1072   │ 0.1072   │ 0.0000   │ 0        │ 0         │ 2.2904   │ N/A       │ 0.0000   │ 0         │ 0        │ 0         │ 21       │
│ nom_fast_1p32V_m40C  │ 0.2270   │ 0.2270   │ 0.0000   │ 0        │ 0         │ 10.5219  │ N/A       │ 0.0000   │ 0         │ 0        │ 0         │ 4        │
│ nom_fast_1p65V_m40C  │ 0.1072   │ 0.1072   │ 0.0000   │ 0        │ 0         │ 10.9124  │ N/A       │ 0.0000   │ 0         │ 0        │ 0         │ 4        │
│ nom_slow_1p08V_125C  │ 0.8883   │ 0.8883   │ 0.0000   │ 0        │ 0         │ 2.2904   │ N/A       │ 0.0000   │ 0         │ 0        │ 0         │ 21       │
│ nom_slow_1p35V_125C  │ 0.5153   │ 0.5153   │ 0.0000   │ 0        │ 0         │ 8.6077   │ N/A       │ 0.0000   │ 0         │ 0        │ 0         │ 21       │
│ nom_typ_1p20V_25C    │ 0.4631   │ 0.4631   │ 0.0000   │ 0        │ 0         │ 7.6005   │ N/A       │ 0.0000   │ 0         │ 0        │ 0         │ 4        │
│ nom_typ_1p50V_25C    │ 0.2527   │ 0.2527   │ 0.0000   │ 0        │ 0         │ 10.0756  │ N/A       │ 0.0000   │ 0         │ 0        │ 0         │ 4        │
└──────────────────────┴──────────┴──────────┴──────────┴──────────┴───────────┴──────────┴───────────┴──────────┴───────────┴──────────┴───────────┴──────────┘
