
===========================================================================
 report_power
============================================================================
======================= nom_slow_1p08V_125C Corner ===================================

Group                    Internal    Switching      Leakage        Total
                            Power        Power        Power        Power (Watts)
------------------------------------------------------------------------
Sequential           1.870823e-06 6.204388e-08 3.385275e-08 1.966719e-06   0.1%
Combinational        8.452715e-07 1.498816e-06 1.323092e-07 2.476397e-06   0.1%
Clock                2.569939e-06 1.069766e-06 8.516324e-06 1.215603e-05   0.4%
Macro                0.000000e+00 0.000000e+00 2.613176e-06 2.613176e-06   0.1%
Pad                  7.149075e-04 2.715945e-03 2.440340e-07 3.431096e-03  99.4%
------------------------------------------------------------------------
Total                7.201936e-04 2.718575e-03 1.153974e-05 3.450308e-03 100.0%
                            20.9%        78.8%         0.3%

