
===========================================================================
 report_power
============================================================================
======================= nom_slow_1p35V_125C Corner ===================================

Group                    Internal    Switching      Leakage        Total
                            Power        Power        Power        Power (Watts)
------------------------------------------------------------------------
Sequential           2.914730e-06 7.039608e-08 5.380673e-08 3.038933e-06   0.1%
Combinational        1.139581e-06 2.157785e-06 2.094214e-07 3.506787e-06   0.1%
Clock                4.179536e-06 1.930380e-06 9.388223e-05 9.999215e-05   2.8%
Macro                0.000000e+00 0.000000e+00 9.391882e-07 9.391882e-07   0.0%
Pad                  7.254354e-04 2.723625e-03 2.802224e-07 3.449341e-03  97.0%
------------------------------------------------------------------------
Total                7.336693e-04 2.727783e-03 9.536507e-05 3.556818e-03 100.0%
                            20.6%        76.7%         2.7%

