
===========================================================================
 report_power
============================================================================
======================= nom_fast_1p32V_m40C Corner ===================================

Group                    Internal    Switching      Leakage        Total
                            Power        Power        Power        Power (Watts)
------------------------------------------------------------------------
Sequential           2.628402e-05 4.220111e-07 7.707419e-09 2.671374e-05  27.6%
Combinational        1.655958e-06 1.289764e-06 2.961655e-08 2.975339e-06   3.1%
Clock                2.760736e-05 6.938328e-06 3.260316e-05 6.714885e-05  69.3%
Macro                0.000000e+00 0.000000e+00 0.000000e+00 0.000000e+00   0.0%
Pad                  0.000000e+00 0.000000e+00 0.000000e+00 0.000000e+00   0.0%
------------------------------------------------------------------------
Total                5.554734e-05 8.650102e-06 3.264048e-05 9.683792e-05 100.0%
                            57.4%         8.9%        33.7%

