
===========================================================================
 report_power
============================================================================
======================= nom_fast_1p65V_m40C Corner ===================================

Group                    Internal    Switching      Leakage        Total
                            Power        Power        Power        Power (Watts)
------------------------------------------------------------------------
Sequential           3.893474e-05 6.791861e-07 3.117140e-08 3.964510e-05  16.8%
Combinational        2.753744e-06 2.139952e-06 1.206973e-07 5.014393e-06   2.1%
Clock                4.699195e-05 1.163395e-05 1.328377e-04 1.914636e-04  81.1%
Macro                0.000000e+00 0.000000e+00 0.000000e+00 0.000000e+00   0.0%
Pad                  0.000000e+00 0.000000e+00 0.000000e+00 0.000000e+00   0.0%
------------------------------------------------------------------------
Total                8.868044e-05 1.445309e-05 1.329895e-04 2.361231e-04 100.0%
                            37.6%         6.1%        56.3%

