
===========================================================================
 report_power
============================================================================
======================= nom_slow_1p35V_125C Corner ===================================

Group                    Internal    Switching      Leakage        Total
                            Power        Power        Power        Power (Watts)
------------------------------------------------------------------------
Sequential           2.719300e-05 4.274444e-07 2.690337e-08 2.764735e-05  37.1%
Combinational        1.660226e-06 1.295439e-06 7.708843e-08 3.032754e-06   4.1%
Clock                2.755255e-05 6.848332e-06 9.472182e-06 4.387307e-05  58.8%
Macro                0.000000e+00 0.000000e+00 0.000000e+00 0.000000e+00   0.0%
Pad                  0.000000e+00 0.000000e+00 0.000000e+00 0.000000e+00   0.0%
------------------------------------------------------------------------
Total                5.640578e-05 8.571217e-06 9.576178e-06 7.455318e-05 100.0%
                            75.7%        11.5%        12.8%

