
===========================================================================
 report_power
============================================================================
======================= nom_fast_1p65V_m40C Corner ===================================

Group                    Internal    Switching      Leakage        Total
                            Power        Power        Power        Power (Watts)
------------------------------------------------------------------------
Sequential           3.892872e-05 4.618586e-07 3.117140e-08 3.942175e-05  30.3%
Combinational        2.579686e-06 2.017384e-06 1.169719e-07 4.714042e-06   3.6%
Clock                4.643080e-05 1.151547e-05 2.819982e-05 8.614609e-05  66.1%
Macro                0.000000e+00 0.000000e+00 0.000000e+00 0.000000e+00   0.0%
Pad                  0.000000e+00 0.000000e+00 0.000000e+00 0.000000e+00   0.0%
------------------------------------------------------------------------
Total                8.793921e-05 1.399472e-05 2.834798e-05 1.302819e-04 100.0%
                            67.5%        10.7%        21.8%

