
===========================================================================
 report_power
============================================================================
======================= nom_typ_1p50V_25C Corner ===================================

Group                    Internal    Switching      Leakage        Total
                            Power        Power        Power        Power (Watts)
------------------------------------------------------------------------
Sequential           3.344892e-05 5.434676e-07 1.026170e-08 3.400265e-05  28.4%
Combinational        2.132153e-06 1.670958e-06 3.768413e-08 3.840796e-06   3.2%
Clock                3.575760e-05 8.971992e-06 3.708619e-05 8.181578e-05  68.4%
Macro                0.000000e+00 0.000000e+00 0.000000e+00 0.000000e+00   0.0%
Pad                  0.000000e+00 0.000000e+00 0.000000e+00 0.000000e+00   0.0%
------------------------------------------------------------------------
Total                7.133866e-05 1.118642e-05 3.713415e-05 1.196592e-04 100.0%
                            59.6%         9.3%        31.0%

