
===========================================================================
 report_power
============================================================================
======================= nom_typ_1p20V_25C Corner ===================================

Group                    Internal    Switching      Leakage        Total
                            Power        Power        Power        Power (Watts)
------------------------------------------------------------------------
Sequential           2.176230e-05 3.374589e-07 3.575867e-09 2.210333e-05  36.7%
Combinational        1.297569e-06 1.016283e-06 1.200408e-08 2.325857e-06   3.9%
Clock                2.163887e-05 5.358007e-06 8.784170e-06 3.578105e-05  59.4%
Macro                0.000000e+00 0.000000e+00 0.000000e+00 0.000000e+00   0.0%
Pad                  0.000000e+00 0.000000e+00 0.000000e+00 0.000000e+00   0.0%
------------------------------------------------------------------------
Total                4.469874e-05 6.711750e-06 8.799750e-06 6.021024e-05 100.0%
                            74.2%        11.1%        14.6%

