179. Printing statistics.

=== riscv_top ===

        +----------Local Count, excluding submodules.
        |        +-Local Area, excluding submodules.
        |        | 
    19268        - wires
    22494        - wire bits
      234        - public wires
     3134        - public wire bits
       37        - ports
       43        - port bits
    22228   122472 cells
     4350        -   $_ANDNOT_
      534        -   $_AND_
     7193        -   $_MUX_
      500        -   $_NAND_
      933        -   $_NOR_
     1132        -   $_NOT_
      529        -   $_ORNOT_
     2739        -   $_OR_
      434        -   $_XNOR_
     1384        -   $_XOR_
     2500   122472   sg13g2_dfrbpq_1

   Area for cell type $_ANDNOT_ is unknown!
   Area for cell type $_AND_ is unknown!
   Area for cell type $_MUX_ is unknown!
   Area for cell type $_NAND_ is unknown!
   Area for cell type $_NOR_ is unknown!
   Area for cell type $_NOT_ is unknown!
   Area for cell type $_ORNOT_ is unknown!
   Area for cell type $_OR_ is unknown!
   Area for cell type $_XNOR_ is unknown!
   Area for cell type $_XOR_ is unknown!

   Chip area for module '\riscv_top': 122472.000000
     of which used for sequential elements: 122472.000000 (100.00%)

