+ analyze_power_grid -net VDD -voltage_file /foss/designs/ihp-sg13g2-ams-chip-template/macros/counter/flow/librelane_hv/runs/RUN_2026-08-19_00-21-47/58-openroad-irdropreport/net-VDD.csv
[INFO PSM-0040] All shapes on net VDD are connected.
########## IR report #################
Net              : VDD
Corner           : nom_typ_3p30V_25C
Total power      : 3.64e-09 W
Supply voltage   : 3.30e+00 V
Worstcase voltage: 3.30e+00 V
Average voltage  : 3.30e+00 V
Average IR drop  : 1.50e-12 V
Worstcase IR drop: 5.87e-12 V
Percentage drop  : 0.00 %
######################################
+ analyze_power_grid -net VSS -voltage_file /foss/designs/ihp-sg13g2-ams-chip-template/macros/counter/flow/librelane_hv/runs/RUN_2026-08-19_00-21-47/58-openroad-irdropreport/net-VSS.csv
[INFO PSM-0040] All shapes on net VSS are connected.
########## IR report #################
Net              : VSS
Corner           : nom_typ_3p30V_25C
Total power      : 3.64e-09 W
Supply voltage   : 0.00e+00 V
Worstcase voltage: 7.89e-12 V
Average voltage  : 1.51e-12 V
Average IR drop  : 1.51e-12 V
Worstcase IR drop: 7.89e-12 V
Percentage drop  : 0.00 %
######################################
