
===========================================================================
 report_power
============================================================================
======================= nom_slow_3p00V_125C Corner ===================================

Group                    Internal    Switching      Leakage        Total
                            Power        Power        Power        Power (Watts)
------------------------------------------------------------------------
Sequential           0.000000e+00 0.000000e+00 6.998881e-09 6.998881e-09  34.3%
Combinational        0.000000e+00 0.000000e+00 8.095453e-09 8.095453e-09  39.6%
Clock                0.000000e+00 0.000000e+00 5.334754e-09 5.334754e-09  26.1%
Macro                0.000000e+00 0.000000e+00 0.000000e+00 0.000000e+00   0.0%
Pad                  0.000000e+00 0.000000e+00 0.000000e+00 0.000000e+00   0.0%
------------------------------------------------------------------------
Total                0.000000e+00 0.000000e+00 2.042908e-08 2.042908e-08 100.0%
                             0.0%         0.0%       100.0%

