
===========================================================================
 report_power
============================================================================
======================= nom_fast_3p60V_m40C Corner ===================================

Group                    Internal    Switching      Leakage        Total
                            Power        Power        Power        Power (Watts)
------------------------------------------------------------------------
Sequential           0.000000e+00 0.000000e+00 3.179200e-09 3.179200e-09  53.7%
Combinational        0.000000e+00 0.000000e+00 2.102780e-09 2.102780e-09  35.5%
Clock                0.000000e+00 0.000000e+00 6.405496e-10 6.405496e-10  10.8%
Macro                0.000000e+00 0.000000e+00 0.000000e+00 0.000000e+00   0.0%
Pad                  0.000000e+00 0.000000e+00 0.000000e+00 0.000000e+00   0.0%
------------------------------------------------------------------------
Total                0.000000e+00 0.000000e+00 5.922528e-09 5.922528e-09 100.0%
                             0.0%         0.0%       100.0%

