
===========================================================================
 report_power
============================================================================
======================= nom_typ_1p20V_25C Corner ===================================

Group                    Internal    Switching      Leakage        Total
                            Power        Power        Power        Power (Watts)
------------------------------------------------------------------------
Sequential           2.176091e-05 2.243722e-07 3.575867e-09 2.198886e-05  41.5%
Combinational        1.227462e-06 9.490673e-07 1.161369e-08 2.188143e-06   4.1%
Clock                2.167509e-05 5.295342e-06 1.866187e-06 2.883662e-05  54.4%
Macro                0.000000e+00 0.000000e+00 0.000000e+00 0.000000e+00   0.0%
Pad                  0.000000e+00 0.000000e+00 0.000000e+00 0.000000e+00   0.0%
------------------------------------------------------------------------
Total                4.466346e-05 6.468781e-06 1.881378e-06 5.301362e-05 100.0%
                            84.2%        12.2%         3.5%

