┏━━━━━━━━━━━━━━━━━━━━━━┳━━━━━━━━━━┳━━━━━━━━━━┳━━━━━━━━━━┳━━━━━━━━━━┳━━━━━━━━━━━┳━━━━━━━━━━┳━━━━━━━━━━━┳━━━━━━━━━━┳━━━━━━━━━━━┳━━━━━━━━━━┳━━━━━━━━━━━┳━━━━━━━━━━┓
┃                      ┃ Hold     ┃ Reg to   ┃          ┃          ┃ of which  ┃ Setup    ┃           ┃          ┃           ┃ of which ┃           ┃          ┃
┃                      ┃ Worst    ┃ Reg      ┃          ┃ Hold Vio ┃ reg to    ┃ Worst    ┃ Reg to    ┃ Setup    ┃ Setup Vio ┃ reg to   ┃ Max Cap   ┃ Max Slew ┃
┃ Corner/Group         ┃ Slack    ┃ Paths    ┃ Hold TNS ┃ Count    ┃ reg       ┃ Slack    ┃ Reg Paths ┃ TNS      ┃ Count     ┃ reg      ┃ Violatio… ┃ Violati… ┃
┡━━━━━━━━━━━━━━━━━━━━━━╇━━━━━━━━━━╇━━━━━━━━━━╇━━━━━━━━━━╇━━━━━━━━━━╇━━━━━━━━━━━╇━━━━━━━━━━╇━━━━━━━━━━━╇━━━━━━━━━━╇━━━━━━━━━━━╇━━━━━━━━━━╇━━━━━━━━━━━╇━━━━━━━━━━┩
│ Overall              │ 0.1014   │ 0.1014   │ 0.0000   │ 0        │ 0         │ 0.7658   │ 4.0225    │ 0.0000   │ 0         │ 0        │ 0         │ 18       │
│ nom_fast_1p32V_m40C  │ 0.2198   │ 0.2198   │ 0.0000   │ 0        │ 0         │ 2.6534   │ 5.5901    │ 0.0000   │ 0         │ 0        │ 0         │ 9        │
│ nom_fast_1p65V_m40C  │ 0.1014   │ 0.1014   │ 0.0000   │ 0        │ 0         │ 3.0675   │ 6.3500    │ 0.0000   │ 0         │ 0        │ 0         │ 0        │
│ nom_slow_1p35V_125C  │ 0.4995   │ 0.4995   │ 0.0000   │ 0        │ 0         │ 0.7658   │ 4.0225    │ 0.0000   │ 0         │ 0        │ 0         │ 18       │
│ nom_typ_1p20V_25C    │ 0.4523   │ 0.4523   │ 0.0000   │ 0        │ 0         │ 1.4683   │ 4.1227    │ 0.0000   │ 0         │ 0        │ 0         │ 9        │
│ nom_typ_1p50V_25C    │ 0.2434   │ 0.2434   │ 0.0000   │ 0        │ 0         │ 2.2766   │ 5.4849    │ 0.0000   │ 0         │ 0        │ 0         │ 9        │
└──────────────────────┴──────────┴──────────┴──────────┴──────────┴───────────┴──────────┴───────────┴──────────┴───────────┴──────────┴───────────┴──────────┘
